[    0.000000] Linux version 4.20.11.sslab (root@yeyoung-VirtualBox) (gcc version 7.5.0 (Ubuntu 7.5.0-3ubuntu1~18.04)) #7 SMP Thu Nov 14 14:21:40 KST 2024
[    0.000000] Command line: BOOT_IMAGE=/boot/vmlinuz-4.20.11.sslab root=UUID=a3124ff5-4186-49fa-b481-72282f8c592a ro quiet splash
[    0.000000] x86/fpu: Supporting XSAVE feature 0x001: 'x87 floating point registers'
[    0.000000] x86/fpu: Supporting XSAVE feature 0x002: 'SSE registers'
[    0.000000] x86/fpu: Supporting XSAVE feature 0x004: 'AVX registers'
[    0.000000] x86/fpu: xstate_offset[2]:  576, xstate_sizes[2]:  256
[    0.000000] x86/fpu: Enabled xstate features 0x7, context size is 832 bytes, using 'standard' format.
[    0.000000] BIOS-provided physical RAM map:
[    0.000000] BIOS-e820: [mem 0x0000000000000000-0x000000000009fbff] usable
[    0.000000] BIOS-e820: [mem 0x000000000009fc00-0x000000000009ffff] reserved
[    0.000000] BIOS-e820: [mem 0x00000000000f0000-0x00000000000fffff] reserved
[    0.000000] BIOS-e820: [mem 0x0000000000100000-0x00000000dffeffff] usable
[    0.000000] BIOS-e820: [mem 0x00000000dfff0000-0x00000000dfffffff] ACPI data
[    0.000000] BIOS-e820: [mem 0x00000000fec00000-0x00000000fec00fff] reserved
[    0.000000] BIOS-e820: [mem 0x00000000fee00000-0x00000000fee00fff] reserved
[    0.000000] BIOS-e820: [mem 0x00000000fffc0000-0x00000000ffffffff] reserved
[    0.000000] BIOS-e820: [mem 0x0000000100000000-0x000000011fffffff] usable
[    0.000000] NX (Execute Disable) protection: active
[    0.000000] SMBIOS 2.5 present.
[    0.000000] DMI: innotek GmbH VirtualBox/VirtualBox, BIOS VirtualBox 12/01/2006
[    0.000000] e820: update [mem 0x00000000-0x00000fff] usable ==> reserved
[    0.000000] e820: remove [mem 0x000a0000-0x000fffff] usable
[    0.000000] last_pfn = 0x120000 max_arch_pfn = 0x400000000
[    0.000000] MTRR default type: uncachable
[    0.000000] MTRR fixed ranges enabled:
[    0.000000]   00000-9FFFF write-back
[    0.000000]   A0000-BFFFF uncachable
[    0.000000]   C0000-FFFFF write-protect
[    0.000000] MTRR variable ranges enabled:
[    0.000000]   0 base 0000000000 mask 7F00000000 write-back
[    0.000000]   1 base 00E0000000 mask 7FE0000000 uncachable
[    0.000000]   2 base 0100000000 mask 7FE0000000 write-back
[    0.000000]   3 disabled
[    0.000000]   4 disabled
[    0.000000]   5 disabled
[    0.000000]   6 disabled
[    0.000000]   7 disabled
[    0.000000]   8 disabled
[    0.000000]   9 disabled
[    0.000000]   10 disabled
[    0.000000]   11 disabled
[    0.000000]   12 disabled
[    0.000000]   13 disabled
[    0.000000]   14 disabled
[    0.000000]   15 disabled
[    0.000000] x86/PAT: Configuration [0-7]: WB  WC  UC- UC  WB  WP  UC- WT  
[    0.000000] e820: update [mem 0xe0000000-0xffffffff] usable ==> reserved
[    0.000000] last_pfn = 0xdfff0 max_arch_pfn = 0x400000000
[    0.000000] found SMP MP-table at [mem 0x0009fbf0-0x0009fbff] mapped at [(____ptrval____)]
[    0.000000] check: Scanning 1 areas for low memory corruption
[    0.000000] Base memory trampoline at [(____ptrval____)] 99000 size 24576
[    0.000000] BRK [0x11801000, 0x11801fff] PGTABLE
[    0.000000] BRK [0x11802000, 0x11802fff] PGTABLE
[    0.000000] BRK [0x11803000, 0x11803fff] PGTABLE
[    0.000000] BRK [0x11804000, 0x11804fff] PGTABLE
[    0.000000] BRK [0x11805000, 0x11805fff] PGTABLE
[    0.000000] RAMDISK: [mem 0x30503000-0x34278fff]
[    0.000000] ACPI: Early table checksum verification disabled
[    0.000000] ACPI: RSDP 0x00000000000E0000 000024 (v02 VBOX  )
[    0.000000] ACPI: XSDT 0x00000000DFFF0030 00003C (v01 VBOX   VBOXXSDT 00000001 ASL  00000061)
[    0.000000] ACPI: FACP 0x00000000DFFF00F0 0000F4 (v04 VBOX   VBOXFACP 00000001 ASL  00000061)
[    0.000000] ACPI: DSDT 0x00000000DFFF0610 002353 (v02 VBOX   VBOXBIOS 00000002 INTL 20100528)
[    0.000000] ACPI: FACS 0x00000000DFFF0200 000040
[    0.000000] ACPI: FACS 0x00000000DFFF0200 000040
[    0.000000] ACPI: APIC 0x00000000DFFF0240 00005C (v02 VBOX   VBOXAPIC 00000001 ASL  00000061)
[    0.000000] ACPI: SSDT 0x00000000DFFF02A0 00036C (v01 VBOX   VBOXCPUT 00000002 INTL 20100528)
[    0.000000] ACPI: Local APIC address 0xfee00000
[    0.000000] No NUMA configuration found
[    0.000000] Faking a node at [mem 0x0000000000000000-0x000000011fffffff]
[    0.000000] NODE_DATA(0) allocated [mem 0x11fff8000-0x11fffbfff]
[    0.000000] Zone ranges:
[    0.000000]   DMA      [mem 0x0000000000001000-0x0000000000ffffff]
[    0.000000]   DMA32    [mem 0x0000000001000000-0x00000000ffffffff]
[    0.000000]   Normal   [mem 0x0000000100000000-0x000000011fffffff]
[    0.000000] Movable zone start for each node
[    0.000000] Early memory node ranges
[    0.000000]   node   0: [mem 0x0000000000001000-0x000000000009efff]
[    0.000000]   node   0: [mem 0x0000000000100000-0x00000000dffeffff]
[    0.000000]   node   0: [mem 0x0000000100000000-0x000000011fffffff]
[    0.000000] Zeroed struct page in unavailable ranges: 114 pages
[    0.000000] Initmem setup node 0 [mem 0x0000000000001000-0x000000011fffffff]
[    0.000000] On node 0 totalpages: 1048462
[    0.000000]   DMA zone: 64 pages used for memmap
[    0.000000]   DMA zone: 21 pages reserved
[    0.000000]   DMA zone: 3998 pages, LIFO batch:0
[    0.000000]   DMA32 zone: 14272 pages used for memmap
[    0.000000]   DMA32 zone: 913392 pages, LIFO batch:63
[    0.000000]   Normal zone: 2048 pages used for memmap
[    0.000000]   Normal zone: 131072 pages, LIFO batch:31
[    0.000000] ACPI: PM-Timer IO Port: 0x4008
[    0.000000] ACPI: Local APIC address 0xfee00000
[    0.000000] IOAPIC[0]: apic_id 2, version 32, address 0xfec00000, GSI 0-23
[    0.000000] ACPI: INT_SRC_OVR (bus 0 bus_irq 0 global_irq 2 dfl dfl)
[    0.000000] ACPI: INT_SRC_OVR (bus 0 bus_irq 9 global_irq 9 low level)
[    0.000000] ACPI: IRQ0 used by override.
[    0.000000] ACPI: IRQ9 used by override.
[    0.000000] Using ACPI (MADT) for SMP configuration information
[    0.000000] smpboot: Allowing 2 CPUs, 0 hotplug CPUs
[    0.000000] PM: Registered nosave memory: [mem 0x00000000-0x00000fff]
[    0.000000] PM: Registered nosave memory: [mem 0x0009f000-0x0009ffff]
[    0.000000] PM: Registered nosave memory: [mem 0x000a0000-0x000effff]
[    0.000000] PM: Registered nosave memory: [mem 0x000f0000-0x000fffff]
[    0.000000] PM: Registered nosave memory: [mem 0xdfff0000-0xdfffffff]
[    0.000000] PM: Registered nosave memory: [mem 0xe0000000-0xfebfffff]
[    0.000000] PM: Registered nosave memory: [mem 0xfec00000-0xfec00fff]
[    0.000000] PM: Registered nosave memory: [mem 0xfec01000-0xfedfffff]
[    0.000000] PM: Registered nosave memory: [mem 0xfee00000-0xfee00fff]
[    0.000000] PM: Registered nosave memory: [mem 0xfee01000-0xfffbffff]
[    0.000000] PM: Registered nosave memory: [mem 0xfffc0000-0xffffffff]
[    0.000000] [mem 0xe0000000-0xfebfffff] available for PCI devices
[    0.000000] clocksource: refined-jiffies: mask: 0xffffffff max_cycles: 0xffffffff, max_idle_ns: 1910969940391419 ns
[    0.000000] random: get_random_bytes called from start_kernel+0x8b/0x489 with crng_init=0
[    0.000000] setup_percpu: NR_CPUS:64 nr_cpumask_bits:64 nr_cpu_ids:2 nr_node_ids:1
[    0.000000] percpu: Embedded 43 pages/cpu @(____ptrval____) s137944 r8192 d29992 u1048576
[    0.000000] pcpu-alloc: s137944 r8192 d29992 u1048576 alloc=1*2097152
[    0.000000] pcpu-alloc: [0] 0 1 
[    0.000000] Built 1 zonelists, mobility grouping on.  Total pages: 1032057
[    0.000000] Policy zone: Normal
[    0.000000] Kernel command line: BOOT_IMAGE=/boot/vmlinuz-4.20.11.sslab root=UUID=a3124ff5-4186-49fa-b481-72282f8c592a ro quiet splash
[    0.000000] Calgary: detecting Calgary via BIOS EBDA area
[    0.000000] Calgary: Unable to locate Rio Grande table in EBDA - bailing!
[    0.000000] Memory: 3970168K/4193848K available (14341K kernel code, 1270K rwdata, 2984K rodata, 1248K init, 1500K bss, 223680K reserved, 0K cma-reserved)
[    0.000000] SLUB: HWalign=64, Order=0-3, MinObjects=0, CPUs=2, Nodes=1
[    0.000000] Kernel/User page tables isolation: enabled
[    0.000000] rcu: Hierarchical RCU implementation.
[    0.000000] rcu: 	RCU event tracing is enabled.
[    0.000000] rcu: 	RCU restricting CPUs from NR_CPUS=64 to nr_cpu_ids=2.
[    0.000000] rcu: RCU calculated value of scheduler-enlistment delay is 100 jiffies.
[    0.000000] rcu: Adjusting geometry for rcu_fanout_leaf=16, nr_cpu_ids=2
[    0.000000] NR_IRQS: 4352, nr_irqs: 440, preallocated irqs: 16
[    0.000000] Console: colour VGA+ 80x25
[    0.000000] printk: console [tty0] enabled
[    0.000000] ACPI: Core revision 20181003
[    0.000000] APIC: Switch to symmetric I/O mode setup
[    0.001000] ..TIMER: vector=0x30 apic1=0 pin1=2 apic2=-1 pin2=-1
[    0.010000] tsc: PIT calibration matches PMTIMER. 1 loops
[    0.010000] tsc: Detected 2394.297 MHz processor
[    0.000017] clocksource: tsc-early: mask: 0xffffffffffffffff max_cycles: 0x22832c2747c, max_idle_ns: 440795236511 ns
[    0.000039] Calibrating delay loop (skipped), value calculated using timer frequency.. 4788.59 BogoMIPS (lpj=2394297)
[    0.000045] pid_max: default: 32768 minimum: 301
[    0.000091] LSM: Security Framework initializing
[    0.000096] SELinux:  Initializing.
[    0.000842] Dentry cache hash table entries: 524288 (order: 10, 4194304 bytes)
[    0.000843] Inode-cache hash table entries: 262144 (order: 9, 2097152 bytes)
[    0.001058] Mount-cache hash table entries: 8192 (order: 4, 65536 bytes)
[    0.001075] Mountpoint-cache hash table entries: 8192 (order: 4, 65536 bytes)
[    0.002275] mce: CPU supports 0 MCE banks
[    0.002305] Last level iTLB entries: 4KB 1024, 2MB 1024, 4MB 1024
[    0.002310] Last level dTLB entries: 4KB 1024, 2MB 1024, 4MB 1024, 1GB 4
[    0.002316] Spectre V2 : Mitigation: Full generic retpoline
[    0.002319] Spectre V2 : Spectre v2 / SpectreRSB mitigation: Filling RSB on context switch
[    0.002323] Speculative Store Bypass: Vulnerable
[    0.002599] Freeing SMP alternatives memory: 40K
[    0.003021] smpboot: CPU0: Intel(R) Core(TM) i5-4210U CPU @ 1.70GHz (family: 0x6, model: 0x45, stepping: 0x1)
[    0.003021] Performance Events: unsupported p6 CPU model 69 no PMU driver, software events only.
[    0.003021] rcu: Hierarchical SRCU implementation.
[    0.003031] smp: Bringing up secondary CPUs ...
[    0.003357] x86: Booting SMP configuration:
[    0.003361] .... node  #0, CPUs:      #1
[    0.000000] mce: CPU supports 0 MCE banks
[    0.005062] smp: Brought up 1 node, 2 CPUs
[    0.005062] smpboot: Max logical packages: 1
[    0.005062] smpboot: Total of 2 processors activated (9577.18 BogoMIPS)
[    0.006036] devtmpfs: initialized
[    0.007191] kworker/u4:0 (21) used greatest stack depth: 14592 bytes left
[    0.007247] clocksource: jiffies: mask: 0xffffffff max_cycles: 0xffffffff, max_idle_ns: 1911260446275000 ns
[    0.007280] futex hash table entries: 512 (order: 3, 32768 bytes)
[    0.007526] RTC time:  6:19:48, date: 11/14/24
[    0.007849] NET: Registered protocol family 16
[    0.008158] audit: initializing netlink subsys (disabled)
[    0.008231] audit: type=2000 audit(1731565188.018:1): state=initialized audit_enabled=0 res=1
[    0.008574] cpuidle: using governor menu
[    0.009184] ACPI: bus type PCI registered
[    0.009387] PCI: Using configuration type 1 for base access
[    0.017367] kworker/u4:1 (292) used greatest stack depth: 14160 bytes left
[    0.026901] HugeTLB registered 2.00 MiB page size, pre-allocated 0 pages
[    0.027781] ACPI: Added _OSI(Module Device)
[    0.027786] ACPI: Added _OSI(Processor Device)
[    0.027791] ACPI: Added _OSI(3.0 _SCP Extensions)
[    0.027796] ACPI: Added _OSI(Processor Aggregator Device)
[    0.027801] ACPI: Added _OSI(Linux-Dell-Video)
[    0.027807] ACPI: Added _OSI(Linux-Lenovo-NV-HDMI-Audio)
[    0.033988] ACPI: 2 ACPI AML tables successfully acquired and loaded
[    0.038736] ACPI: Interpreter enabled
[    0.038766] ACPI: (supports S0 S5)
[    0.038770] ACPI: Using IOAPIC for interrupt routing
[    0.039471] PCI: Using host bridge windows from ACPI; if necessary, use "pci=nocrs" and report a bug
[    0.040303] ACPI: Enabled 2 GPEs in block 00 to 07
[    0.055106] ACPI: PCI Root Bridge [PCI0] (domain 0000 [bus 00-ff])
[    0.055117] acpi PNP0A03:00: _OSC: OS supports [ASPM ClockPM Segments MSI]
[    0.057501] acpi PNP0A03:00: _OSC: not requesting OS control; OS requires [ExtendedConfig ASPM ClockPM MSI]
[    0.057538] acpi PNP0A03:00: fail to add MMCONFIG information, can't access extended PCI configuration space under this bridge.
[    0.058172] PCI host bridge to bus 0000:00
[    0.058251] pci_bus 0000:00: root bus resource [io  0x0000-0x0cf7 window]
[    0.058256] pci_bus 0000:00: root bus resource [io  0x0d00-0xffff window]
[    0.058264] pci_bus 0000:00: root bus resource [mem 0x000a0000-0x000bffff window]
[    0.058271] pci_bus 0000:00: root bus resource [mem 0xe0000000-0xfdffffff window]
[    0.058277] pci_bus 0000:00: root bus resource [bus 00-ff]
[    0.058361] pci 0000:00:00.0: [8086:1237] type 00 class 0x060000
[    0.062100] pci 0000:00:01.0: [8086:7000] type 00 class 0x060100
[    0.063564] pci 0000:00:01.1: [8086:7111] type 00 class 0x01018a
[    0.064407] pci 0000:00:01.1: reg 0x20: [io  0xd000-0xd00f]
[    0.064663] pci 0000:00:01.1: legacy IDE quirk: reg 0x10: [io  0x01f0-0x01f7]
[    0.064668] pci 0000:00:01.1: legacy IDE quirk: reg 0x14: [io  0x03f6]
[    0.064674] pci 0000:00:01.1: legacy IDE quirk: reg 0x18: [io  0x0170-0x0177]
[    0.064679] pci 0000:00:01.1: legacy IDE quirk: reg 0x1c: [io  0x0376]
[    0.065342] pci 0000:00:02.0: [15ad:0405] type 00 class 0x030000
[    0.069314] pci 0000:00:02.0: reg 0x10: [io  0xd010-0xd01f]
[    0.073322] pci 0000:00:02.0: reg 0x14: [mem 0xe0000000-0xe0ffffff pref]
[    0.077086] pci 0000:00:02.0: reg 0x18: [mem 0xf0000000-0xf01fffff]
[    0.090724] pci 0000:00:03.0: [8086:100e] type 00 class 0x020000
[    0.093516] pci 0000:00:03.0: reg 0x10: [mem 0xf0200000-0xf021ffff]
[    0.100525] pci 0000:00:03.0: reg 0x18: [io  0xd020-0xd027]
[    0.114413] pci 0000:00:04.0: [80ee:cafe] type 00 class 0x088000
[    0.117201] pci 0000:00:04.0: reg 0x10: [io  0xd040-0xd05f]
[    0.121138] pci 0000:00:04.0: reg 0x14: [mem 0xf0400000-0xf07fffff]
[    0.124176] pci 0000:00:04.0: reg 0x18: [mem 0xf0800000-0xf0803fff pref]
[    0.137472] pci 0000:00:05.0: [8086:2415] type 00 class 0x040100
[    0.137705] pci 0000:00:05.0: reg 0x10: [io  0xd100-0xd1ff]
[    0.137845] pci 0000:00:05.0: reg 0x14: [io  0xd200-0xd23f]
[    0.138916] pci 0000:00:06.0: [106b:003f] type 00 class 0x0c0310
[    0.142498] pci 0000:00:06.0: reg 0x10: [mem 0xf0804000-0xf0804fff]
[    0.163504] pci 0000:00:07.0: [8086:7113] type 00 class 0x068000
[    0.164237] pci 0000:00:07.0: quirk: [io  0x4000-0x403f] claimed by PIIX4 ACPI
[    0.164283] pci 0000:00:07.0: quirk: [io  0x4100-0x410f] claimed by PIIX4 SMB
[    0.165066] pci 0000:00:0b.0: [8086:265c] type 00 class 0x0c0320
[    0.168145] pci 0000:00:0b.0: reg 0x10: [mem 0xf0805000-0xf0805fff]
[    0.189104] pci 0000:00:0d.0: [8086:2829] type 00 class 0x010601
[    0.191597] pci 0000:00:0d.0: reg 0x10: [io  0xd240-0xd247]
[    0.195707] pci 0000:00:0d.0: reg 0x14: [io  0xd248-0xd24b]
[    0.199300] pci 0000:00:0d.0: reg 0x18: [io  0xd250-0xd257]
[    0.203200] pci 0000:00:0d.0: reg 0x1c: [io  0xd258-0xd25b]
[    0.205706] pci 0000:00:0d.0: reg 0x20: [io  0xd260-0xd26f]
[    0.209629] pci 0000:00:0d.0: reg 0x24: [mem 0xf0806000-0xf0807fff]
[    0.217616] ACPI: PCI Interrupt Link [LNKA] (IRQs 5 9 10 *11)
[    0.218317] ACPI: PCI Interrupt Link [LNKB] (IRQs 5 9 *10 11)
[    0.218724] ACPI: PCI Interrupt Link [LNKC] (IRQs 5 *9 10 11)
[    0.219031] ACPI: PCI Interrupt Link [LNKD] (IRQs 5 9 10 *11)
[    0.219711] pci 0000:00:02.0: vgaarb: setting as boot VGA device
[    0.219711] pci 0000:00:02.0: vgaarb: VGA device added: decodes=io+mem,owns=io+mem,locks=none
[    0.219711] pci 0000:00:02.0: vgaarb: bridge control possible
[    0.219711] vgaarb: loaded
[    0.220180] SCSI subsystem initialized
[    0.220390] libata version 3.00 loaded.
[    0.220390] ACPI: bus type USB registered
[    0.220390] usbcore: registered new interface driver usbfs
[    0.220390] usbcore: registered new interface driver hub
[    0.220390] usbcore: registered new device driver usb
[    0.220390] pps_core: LinuxPPS API ver. 1 registered
[    0.220390] pps_core: Software ver. 5.3.6 - Copyright 2005-2007 Rodolfo Giometti <giometti@linux.it>
[    0.220390] PTP clock support registered
[    0.221706] EDAC MC: Ver: 3.0.0
[    0.222420] Advanced Linux Sound Architecture Driver Initialized.
[    0.222459] PCI: Using ACPI for IRQ routing
[    0.222463] PCI: pci_cache_line_size set to 64 bytes
[    0.222801] e820: reserve RAM buffer [mem 0x0009fc00-0x0009ffff]
[    0.222811] e820: reserve RAM buffer [mem 0xdfff0000-0xdfffffff]
[    0.222987] NetLabel: Initializing
[    0.223034] NetLabel:  domain hash size = 128
[    0.223038] NetLabel:  protocols = UNLABELED CIPSOv4 CALIPSO
[    0.223068] NetLabel:  unlabeled traffic allowed by default
[    0.234308] clocksource: Switched to clocksource tsc-early
[    0.272813] VFS: Disk quotas dquot_6.6.0
[    0.272842] VFS: Dquot-cache hash table entries: 512 (order 0, 4096 bytes)
[    0.272962] pnp: PnP ACPI init
[    0.273113] pnp 00:00: Plug and Play ACPI device, IDs PNP0303 (active)
[    0.273288] pnp 00:01: Plug and Play ACPI device, IDs PNP0f03 (active)
[    0.275051] pnp: PnP ACPI: found 2 devices
[    0.294437] clocksource: acpi_pm: mask: 0xffffff max_cycles: 0xffffff, max_idle_ns: 2085701024 ns
[    0.294452] pci_bus 0000:00: resource 4 [io  0x0000-0x0cf7 window]
[    0.294458] pci_bus 0000:00: resource 5 [io  0x0d00-0xffff window]
[    0.294464] pci_bus 0000:00: resource 6 [mem 0x000a0000-0x000bffff window]
[    0.294470] pci_bus 0000:00: resource 7 [mem 0xe0000000-0xfdffffff window]
[    0.294571] NET: Registered protocol family 2
[    0.294980] tcp_listen_portaddr_hash hash table entries: 2048 (order: 3, 32768 bytes)
[    0.295021] TCP established hash table entries: 32768 (order: 6, 262144 bytes)
[    0.295244] TCP bind hash table entries: 32768 (order: 7, 524288 bytes)
[    0.295431] TCP: Hash tables configured (established 32768 bind 32768)
[    0.295477] UDP hash table entries: 2048 (order: 4, 65536 bytes)
[    0.295509] UDP-Lite hash table entries: 2048 (order: 4, 65536 bytes)
[    0.295762] NET: Registered protocol family 1
[    0.296402] RPC: Registered named UNIX socket transport module.
[    0.296404] RPC: Registered udp transport module.
[    0.296406] RPC: Registered tcp transport module.
[    0.296407] RPC: Registered tcp NFSv4.1 backchannel transport module.
[    0.296820] pci 0000:00:00.0: Limiting direct PCI/PCI transfers
[    0.296855] pci 0000:00:01.0: Activating ISA DMA hang workarounds
[    0.296983] pci 0000:00:02.0: Video device with shadowed ROM at [mem 0x000c0000-0x000dffff]
[    0.302521] PCI: CLS 0 bytes, default 64
[    0.302593] Unpacking initramfs...
[    2.600031] Freeing initrd memory: 62936K
[    2.600392] PCI-DMA: Using software bounce buffering for IO (SWIOTLB)
[    2.600418] software IO TLB: mapped [mem 0xdbff0000-0xdfff0000] (64MB)
[    2.601200] RAPL PMU: API unit is 2^-32 Joules, 4 fixed counters, 10737418240 ms ovfl timer
[    2.601202] RAPL PMU: hw unit of domain pp0-core 2^-0 Joules
[    2.601204] RAPL PMU: hw unit of domain package 2^-0 Joules
[    2.601206] RAPL PMU: hw unit of domain dram 2^-0 Joules
[    2.601208] RAPL PMU: hw unit of domain pp1-gpu 2^-0 Joules
[    2.601260] platform rtc_cmos: registered platform RTC device (no PNP device found)
[    2.602026] check: Scanning for low memory corruption every 60 seconds
[    2.603300] Initialise system trusted keyrings
[    2.603508] workingset: timestamp_bits=56 max_order=20 bucket_order=0
[    2.613879] NFS: Registering the id_resolver key type
[    2.613891] Key type id_resolver registered
[    2.613896] Key type id_legacy registered
[    2.662729] Key type asymmetric registered
[    2.662734] Asymmetric key parser 'x509' registered
[    2.662761] Block layer SCSI generic (bsg) driver version 0.4 loaded (major 251)
[    2.662766] io scheduler noop registered
[    2.662771] io scheduler deadline registered
[    2.662850] io scheduler cfq registered (default)
[    2.662854] io scheduler mq-deadline registered
[    2.662858] io scheduler kyber registered
[    2.663461] ACPI: AC Adapter [AC] (on-line)
[    2.663631] input: Power Button as /devices/LNXSYSTM:00/LNXPWRBN:00/input/input0
[    2.663676] ACPI: Power Button [PWRF]
[    2.663873] input: Sleep Button as /devices/LNXSYSTM:00/LNXSLPBN:00/input/input1
[    2.663891] ACPI: Sleep Button [SLPF]
[    2.664227] ACPI: Video Device [GFX0] (multi-head: yes  rom: no  post: no)
[    2.664416] input: Video Bus as /devices/LNXSYSTM:00/LNXSYBUS:00/PNP0A03:00/LNXVIDEO:00/input/input2
[    2.665223] Serial: 8250/16550 driver, 4 ports, IRQ sharing enabled
[    2.666450] Non-volatile memory driver v1.3
[    2.666547] Linux agpgart interface v0.103
[    2.666710] battery: ACPI: Battery Slot [BAT0] (battery present)
[    2.671259] loop: module loaded
[    2.671668] ahci 0000:00:0d.0: version 3.0
[    2.673232] ahci 0000:00:0d.0: SSS flag set, parallel bus scan disabled
[    2.673505] ahci 0000:00:0d.0: AHCI 0001.0100 32 slots 1 ports 3 Gbps 0x1 impl SATA mode
[    2.673512] ahci 0000:00:0d.0: flags: 64bit ncq stag only ccc 
[    2.674915] scsi host0: ahci
[    2.675193] ata1: SATA max UDMA/133 abar m8192@0xf0806000 port 0xf0806100 irq 21
[    2.675272] ata_piix 0000:00:01.1: version 2.13
[    2.676791] scsi host1: ata_piix
[    2.677231] scsi host2: ata_piix
[    2.677339] ata2: PATA max UDMA/33 cmd 0x1f0 ctl 0x3f6 bmdma 0xd000 irq 14
[    2.677344] ata3: PATA max UDMA/33 cmd 0x170 ctl 0x376 bmdma 0xd008 irq 15
[    2.677619] e100: Intel(R) PRO/100 Network Driver, 3.5.24-k2-NAPI
[    2.677623] e100: Copyright(c) 1999-2006 Intel Corporation
[    2.677649] e1000: Intel(R) PRO/1000 Network Driver - version 7.3.21-k8-NAPI
[    2.677652] e1000: Copyright (c) 1999-2006 Intel Corporation.
[    2.855319] ata3.00: ATAPI: VBOX CD-ROM, 1.0, max UDMA/133
[    2.981511] ata1: SATA link up 3.0 Gbps (SStatus 123 SControl 300)
[    2.981649] ata1.00: ATA-6: VBOX HARDDISK, 1.0, max UDMA/133
[    2.981652] ata1.00: 83886016 sectors, multi 128: LBA48 NCQ (depth 32)
[    2.981896] ata1.00: configured for UDMA/133
[    2.982131] scsi 0:0:0:0: Direct-Access     ATA      VBOX HARDDISK    1.0  PQ: 0 ANSI: 5
[    2.982505] sd 0:0:0:0: Attached scsi generic sg0 type 0
[    2.983247] scsi 2:0:0:0: CD-ROM            VBOX     CD-ROM           1.0  PQ: 0 ANSI: 5
[    2.984428] sr 2:0:0:0: [sr0] scsi3-mmc drive: 32x/32x xa/form2 tray
[    2.984432] cdrom: Uniform CD-ROM driver Revision: 3.20
[    2.984587] sd 0:0:0:0: [sda] 83886016 512-byte logical blocks: (42.9 GB/40.0 GiB)
[    2.984630] sd 0:0:0:0: [sda] Write Protect is off
[    2.984636] sd 0:0:0:0: [sda] Mode Sense: 00 3a 00 00
[    2.984711] sd 0:0:0:0: [sda] Write cache: enabled, read cache: enabled, doesn't support DPO or FUA
[    2.984951] sr 2:0:0:0: Attached scsi CD-ROM sr0
[    2.986166] sr 2:0:0:0: Attached scsi generic sg1 type 5
[    2.989917]  sda: sda1
[    2.990813] sd 0:0:0:0: [sda] Attached SCSI disk
[    3.161487] e1000 0000:00:03.0 eth0: (PCI:33MHz:32-bit) 08:00:27:be:e9:5f
[    3.161500] e1000 0000:00:03.0 eth0: Intel(R) PRO/1000 Network Connection
[    3.161610] e1000e: Intel(R) PRO/1000 Network Driver - 3.2.6-k
[    3.161614] e1000e: Copyright(c) 1999 - 2015 Intel Corporation.
[    3.161678] sky2: driver version 1.30
[    3.162129] ehci_hcd: USB 2.0 'Enhanced' Host Controller (EHCI) Driver
[    3.162134] ehci-pci: EHCI PCI platform driver
[    3.163684] ehci-pci 0000:00:0b.0: EHCI Host Controller
[    3.163898] ehci-pci 0000:00:0b.0: new USB bus registered, assigned bus number 1
[    3.164335] ehci-pci 0000:00:0b.0: irq 19, io mem 0xf0805000
[    3.172164] ehci-pci 0000:00:0b.0: USB 2.0 started, EHCI 1.00
[    3.172275] usb usb1: New USB device found, idVendor=1d6b, idProduct=0002, bcdDevice= 4.20
[    3.172281] usb usb1: New USB device strings: Mfr=3, Product=2, SerialNumber=1
[    3.172286] usb usb1: Product: EHCI Host Controller
[    3.172292] usb usb1: Manufacturer: Linux 4.20.11.sslab ehci_hcd
[    3.172297] usb usb1: SerialNumber: 0000:00:0b.0
[    3.172661] hub 1-0:1.0: USB hub found
[    3.172670] hub 1-0:1.0: 12 ports detected
[    3.173276] ohci_hcd: USB 1.1 'Open' Host Controller (OHCI) Driver
[    3.173285] ohci-pci: OHCI PCI platform driver
[    3.174684] ohci-pci 0000:00:06.0: OHCI PCI host controller
[    3.174959] ohci-pci 0000:00:06.0: new USB bus registered, assigned bus number 2
[    3.175225] ohci-pci 0000:00:06.0: irq 22, io mem 0xf0804000
[    3.229335] usb usb2: New USB device found, idVendor=1d6b, idProduct=0001, bcdDevice= 4.20
[    3.229344] usb usb2: New USB device strings: Mfr=3, Product=2, SerialNumber=1
[    3.229351] usb usb2: Product: OHCI PCI host controller
[    3.229454] usb usb2: Manufacturer: Linux 4.20.11.sslab ohci_hcd
[    3.229461] usb usb2: SerialNumber: 0000:00:06.0
[    3.230284] hub 2-0:1.0: USB hub found
[    3.230339] hub 2-0:1.0: 12 ports detected
[    3.231538] uhci_hcd: USB Universal Host Controller Interface driver
[    3.231617] usbcore: registered new interface driver usblp
[    3.231700] usbcore: registered new interface driver usb-storage
[    3.231753] i8042: PNP: PS/2 Controller [PNP0303:PS2K,PNP0f03:PS2M] at 0x60,0x64 irq 1,12
[    3.232776] serio: i8042 KBD port at 0x60,0x64 irq 1
[    3.232886] serio: i8042 AUX port at 0x60,0x64 irq 12
[    3.234399] rtc_cmos rtc_cmos: registered as rtc0
[    3.234463] rtc_cmos rtc_cmos: alarms up to one day, 114 bytes nvram
[    3.235201] device-mapper: ioctl: 4.39.0-ioctl (2018-04-03) initialised: dm-devel@redhat.com
[    3.235232] hidraw: raw HID events driver (C) Jiri Kosina
[    3.235646] usbcore: registered new interface driver usbhid
[    3.235650] usbhid: USB HID core driver
[    3.236178] input: AT Translated Set 2 keyboard as /devices/platform/i8042/serio0/input/input3
[    3.240514] Initializing XFRM netlink socket
[    3.240962] NET: Registered protocol family 10
[    3.241615] Segment Routing with IPv6
[    3.242605] sit: IPv6, IPv4 and MPLS over IPv4 tunneling driver
[    3.242898] NET: Registered protocol family 17
[    3.242928] Key type dns_resolver registered
[    3.243499] sched_clock: Marking stable (3253049989, -9978840)->(3370566163, -127495014)
[    3.245243] registered taskstats version 1
[    3.245248] Loading compiled-in X.509 certificates
[    3.246166]   Magic number: 0:987:316
[    3.246240] tty tty41: hash matches
[    3.246278] printk: console [netcon0] enabled
[    3.246282] netconsole: network logging started
[    3.246425] cfg80211: Loading compiled-in X.509 certificates for regulatory database
[    3.253795] cfg80211: Loaded X.509 cert 'sforshee: 00b28ddf47aef9cea7'
[    3.253809] ALSA device list:
[    3.253813]   No soundcards found.
[    3.254513] Freeing unused kernel image memory: 1248K
[    3.254730] platform regulatory.0: Direct firmware load for regulatory.db failed with error -2
[    3.254735] cfg80211: failed to load regulatory.db
[    3.260176] Write protecting the kernel read-only data: 20480k
[    3.261657] Freeing unused kernel image memory: 2008K
[    3.262622] Freeing unused kernel image memory: 1112K
[    3.262739] Run /init as init process
[    3.383613] udevadm (1111) used greatest stack depth: 14000 bytes left
[    3.397638] video: Unknown symbol __dynamic_dev_dbg (err -2)
[    3.397652] video: Unknown symbol __fentry__ (err -2)
[    3.397742] video: Unknown symbol acpi_debug_print (err -2)
[    3.407827] pata_acpi: Unknown symbol __fentry__ (err -2)
[    3.413025] i2c_piix4: Unknown symbol __dynamic_dev_dbg (err -2)
[    3.413215] i2c_piix4: Unknown symbol __fentry__ (err -2)
[    3.413258] i2c_piix4: Unknown symbol pv_ops (err -2)
[    3.415680] e1000: Unknown symbol sme_me_mask (err -2)
[    3.415692] e1000: Unknown symbol devmap_managed_key (err -2)
[    3.415814] e1000: Unknown symbol __fentry__ (err -2)
[    3.415933] e1000: Unknown symbol __dynamic_netdev_dbg (err -2)
[    3.415945] e1000: Unknown symbol pv_ops (err -2)
[    3.416003] e1000: Unknown symbol sme_active (err -2)
[    3.416025] e1000: Unknown symbol __put_devmap_managed_page (err -2)
[    3.416027] e1000: Unknown symbol skb_clone_tx_timestamp (err -2)
[    3.419207] drm: Unknown symbol sme_me_mask (err -2)
[    3.419216] drm: Unknown symbol devmap_managed_key (err -2)
[    3.419239] drm: Unknown symbol __check_object_size (err -2)
[    3.419516] drm: Unknown symbol bpf_trace_run2 (err -2)
[    3.419541] drm: Unknown symbol __dynamic_dev_dbg (err -2)
[    3.419557] drm: Unknown symbol __fentry__ (err -2)
[    3.419573] drm: Unknown symbol vga_switcheroo_unlock_ddc (err -2)
[    3.419685] drm: Unknown symbol vga_switcheroo_lock_ddc (err -2)
[    3.419788] drm: Unknown symbol kgdb_active (err -2)
[    3.420115] drm: Unknown symbol pv_ops (err -2)
[    3.420123] drm: Unknown symbol bpf_trace_run3 (err -2)
[    3.421825] drm: Unknown symbol __dynamic_pr_debug (err -2)
[    3.421886] drm: Unknown symbol sme_active (err -2)
[    3.421913] drm: Unknown symbol from_kuid_munged (err -2)
[    3.421956] drm: Unknown symbol __put_devmap_managed_page (err -2)
[    3.425367] e1000 0000:00:03.0 enp0s3: renamed from eth0
[    3.429611] libahci: Unknown symbol __fentry__ (err -2)
[    3.429716] libahci: Unknown symbol pv_ops (err -2)
[    3.430385] ata_id (1116) used greatest stack depth: 13744 bytes left
[    3.435331] libahci: Unknown symbol __fentry__ (err -2)
[    3.435418] libahci: Unknown symbol pv_ops (err -2)
[    3.439594] psmouse: Unknown symbol __dynamic_dev_dbg (err -2)
[    3.439608] psmouse: Unknown symbol __fentry__ (err -2)
[    3.439725] psmouse: Unknown symbol pv_ops (err -2)
[    3.439744] psmouse: Unknown symbol x86_hyper_type (err -2)
[    3.451022] random: fast init done
[    3.451627] input: ImExPS/2 Generic Explorer Mouse as /devices/platform/i8042/serio1/input/input5
[    3.520815] systemd-udevd (1109) used greatest stack depth: 13664 bytes left
[    3.528197] systemd-udevd (1110) used greatest stack depth: 13592 bytes left
[    3.596259] EXT4-fs (sda1): mounted filesystem with ordered data mode. Opts: (null)
[    3.606937] tsc: Refined TSC clocksource calibration: 2394.473 MHz
[    3.606982] clocksource: tsc: mask: 0xffffffffffffffff max_cycles: 0x2283d2806c9, max_idle_ns: 440795281091 ns
[    3.607238] clocksource: Switched to clocksource tsc
[    3.625161] usb 2-1: new full-speed USB device number 2 using ohci-pci
[    3.660229] run-init (1149) used greatest stack depth: 13560 bytes left
[    3.865470] usb 2-1: New USB device found, idVendor=80ee, idProduct=0021, bcdDevice= 1.00
[    3.865477] usb 2-1: New USB device strings: Mfr=1, Product=3, SerialNumber=0
[    3.865484] usb 2-1: Product: USB Tablet
[    3.865490] usb 2-1: Manufacturer: VirtualBox
[    3.883621] input: VirtualBox USB Tablet as /devices/pci0000:00/0000:00:06.0/usb2/2-1/2-1:1.0/0003:80EE:0021.0001/input/input6
[    3.884312] hid-generic 0003:80EE:0021.0001: input,hidraw0: USB HID v1.10 Mouse [VirtualBox USB Tablet] on usb-0000:00:06.0-1/input0
[    3.936467] systemd[1]: systemd 237 running in system mode. (+PAM +AUDIT +SELINUX +IMA +APPARMOR +SMACK +SYSVINIT +UTMP +LIBCRYPTSETUP +GCRYPT +GNUTLS +ACL +XZ +LZ4 +SECCOMP +BLKID +ELFUTILS +KMOD -IDN2 +IDN -PCRE2 default-hierarchy=hybrid)
[    3.936500] systemd[1]: Detected virtualization oracle.
[    3.936506] systemd[1]: Detected architecture x86-64.
[    3.938602] systemd[1]: Set hostname to <yeyoung-VirtualBox>.
[    4.089583] systemd[1]: File /lib/systemd/system/systemd-journald.service:36 configures an IP firewall (IPAddressDeny=any), but the local system does not support BPF/cgroup based firewalling.
[    4.089588] systemd[1]: Proceeding WITHOUT firewalling in effect! (This warning is only shown for the first loaded unit using IP firewalling.)
[    4.251880] random: systemd: uninitialized urandom read (16 bytes read)
[    4.251927] systemd[1]: Reached target Remote File Systems.
[    4.252131] random: systemd: uninitialized urandom read (16 bytes read)
[    4.252156] systemd[1]: Reached target System Time Synchronized.
[    4.252195] random: systemd: uninitialized urandom read (16 bytes read)
[    4.252363] systemd[1]: Created slice User and Session Slice.
[    4.252415] systemd[1]: Reached target User and Group Name Lookups.
[    4.305984] parport: Unknown symbol __check_object_size (err -2)
[    4.306029] parport: Unknown symbol __fentry__ (err -2)
[    4.306197] parport: Unknown symbol pv_ops (err -2)
[    4.306217] parport: Unknown symbol __dynamic_pr_debug (err -2)
[    4.313505] parport: Unknown symbol __check_object_size (err -2)
[    4.313550] parport: Unknown symbol __fentry__ (err -2)
[    4.313619] parport: Unknown symbol pv_ops (err -2)
[    4.313639] parport: Unknown symbol __dynamic_pr_debug (err -2)
[    4.318411] parport: Unknown symbol __check_object_size (err -2)
[    4.318460] parport: Unknown symbol __fentry__ (err -2)
[    4.318520] parport: Unknown symbol pv_ops (err -2)
[    4.318536] parport: Unknown symbol __dynamic_pr_debug (err -2)
[    4.318975] EXT4-fs (sda1): re-mounted. Opts: errors=remount-ro
[    4.447029] sch_fq_codel: Unknown symbol __fentry__ (err -2)
[    4.668911] systemd-journald[1178]: Received request to flush runtime journal from PID 1
[    4.804156] random: crng init done
[    4.804160] random: 7 urandom warning(s) missed due to ratelimiting
[    5.274730] mac_hid: Unknown symbol __fentry__ (err -2)
[    5.281223] mac_hid: Unknown symbol __fentry__ (err -2)
[    5.286271] video: Unknown symbol __dynamic_dev_dbg (err -2)
[    5.286286] video: Unknown symbol __fentry__ (err -2)
[    5.286368] video: Unknown symbol acpi_debug_print (err -2)
[    5.327992] mac_hid: Unknown symbol __fentry__ (err -2)
[    5.356937] pata_acpi: Unknown symbol __fentry__ (err -2)
[    5.369179] soundcore: Unknown symbol __fentry__ (err -2)
[    5.369290] soundcore: Unknown symbol pv_ops (err -2)
[    5.376022] sysimgblt: Unknown symbol __fentry__ (err -2)
[    5.385591] e1000: Unknown symbol sme_me_mask (err -2)
[    5.385599] e1000: Unknown symbol devmap_managed_key (err -2)
[    5.385695] e1000: Unknown symbol __fentry__ (err -2)
[    5.385783] e1000: Unknown symbol __dynamic_netdev_dbg (err -2)
[    5.385792] e1000: Unknown symbol pv_ops (err -2)
[    5.385834] e1000: Unknown symbol sme_active (err -2)
[    5.385851] e1000: Unknown symbol __put_devmap_managed_page (err -2)
[    5.385858] e1000: Unknown symbol skb_clone_tx_timestamp (err -2)
[    5.387875] vboxguest: loading out-of-tree module taints kernel.
[    5.465894] i2c_piix4: Unknown symbol __dynamic_dev_dbg (err -2)
[    5.465909] i2c_piix4: Unknown symbol __fentry__ (err -2)
[    5.465943] i2c_piix4: Unknown symbol pv_ops (err -2)
[    5.474268] libahci: Unknown symbol __fentry__ (err -2)
[    5.474348] libahci: Unknown symbol pv_ops (err -2)
[    5.479666] libahci: Unknown symbol __fentry__ (err -2)
[    5.479822] libahci: Unknown symbol pv_ops (err -2)
[    5.493860] Adding 1942896k swap on /swapfile.  Priority:-2 extents:6 across:2106736k 
[    5.525142] pmd_set_huge: Cannot satisfy [mem 0xf0400000-0xf0600000] with a huge-page mapping due to MTRR override.
[    5.525897] vgdrvHeartbeatInit: Setting up heartbeat to trigger every 2000 milliseconds
[    5.526331] Host supports full mouse state reporting, switching to extended mouse integration protocol
[    5.526426] input: VirtualBox mouse integration as /devices/pci0000:00/0000:00:04.0/input/input7
[    5.533511] vboxguest: Successfully loaded version 7.1.2 r164945
[    5.533597] vboxguest: misc device minor 57, IRQ 20, I/O port d040, MMIO at 00000000f0400000 (size 0x400000)
[    5.533603] vboxguest: Successfully loaded version 7.1.2 r164945 (interface 0x00010004)
[    5.575902] serio_raw: Unknown symbol __dynamic_dev_dbg (err -2)
[    5.575912] serio_raw: Unknown symbol __fentry__ (err -2)
[    5.575955] serio_raw: Unknown symbol pv_ops (err -2)
[    5.583031] serio_raw: Unknown symbol __dynamic_dev_dbg (err -2)
[    5.583106] serio_raw: Unknown symbol __fentry__ (err -2)
[    5.583150] serio_raw: Unknown symbol pv_ops (err -2)
[    5.592029] mac_hid: Unknown symbol __fentry__ (err -2)
[    5.597202] psmouse: Unknown symbol __dynamic_dev_dbg (err -2)
[    5.597214] psmouse: Unknown symbol __fentry__ (err -2)
[    5.597425] psmouse: Unknown symbol pv_ops (err -2)
[    5.597440] psmouse: Unknown symbol x86_hyper_type (err -2)
[    5.601656] input_leds: Unknown symbol __fentry__ (err -2)
[    5.610286] hid: Unknown symbol __check_object_size (err -2)
[    5.610352] hid: Unknown symbol __dynamic_dev_dbg (err -2)
[    5.610364] hid: Unknown symbol __fentry__ (err -2)
[    5.610463] hid: Unknown symbol pv_ops (err -2)
[    5.645950] mac_hid: Unknown symbol __fentry__ (err -2)
[    5.653340] hid: Unknown symbol __check_object_size (err -2)
[    5.653407] hid: Unknown symbol __dynamic_dev_dbg (err -2)
[    5.653419] hid: Unknown symbol __fentry__ (err -2)
[    5.653518] hid: Unknown symbol pv_ops (err -2)
[    5.682029] intel_rapl_perf: Unknown symbol __fentry__ (err -2)
[    5.682124] intel_rapl_perf: Unknown symbol pv_ops (err -2)
[    5.687161] intel_cstate: Unknown symbol __fentry__ (err -2)
[    5.687193] intel_cstate: Unknown symbol pv_ops (err -2)
[    5.691230] intel_rapl_perf: Unknown symbol __fentry__ (err -2)
[    5.691275] intel_rapl_perf: Unknown symbol pv_ops (err -2)
[    5.696224] glue_helper: Unknown symbol __fentry__ (err -2)
[    5.700254] intel_cstate: Unknown symbol __fentry__ (err -2)
[    5.700284] intel_cstate: Unknown symbol pv_ops (err -2)
[    5.704266] cryptd: Unknown symbol __fentry__ (err -2)
[    5.710202] glue_helper: Unknown symbol __fentry__ (err -2)
[    5.714267] crc32_pclmul: Unknown symbol __fentry__ (err -2)
[    5.718525] cryptd: Unknown symbol __fentry__ (err -2)
[    5.725191] crct10dif_pclmul: Unknown symbol __fentry__ (err -2)
[    5.725200] crct10dif_pclmul: Unknown symbol crc_t10dif_generic (err -2)
[    5.730374] mac_hid: Unknown symbol __fentry__ (err -2)
[    5.735205] crc32_pclmul: Unknown symbol __fentry__ (err -2)
[    5.740243] intel_rapl: Unknown symbol powercap_unregister_control_type (err -2)
[    5.740268] intel_rapl: Unknown symbol __fentry__ (err -2)
[    5.740279] intel_rapl: Unknown symbol powercap_unregister_zone (err -2)
[    5.740331] intel_rapl: Unknown symbol powercap_register_control_type (err -2)
[    5.740348] intel_rapl: Unknown symbol pv_ops (err -2)
[    5.740362] intel_rapl: Unknown symbol __dynamic_pr_debug (err -2)
[    5.740381] intel_rapl: Unknown symbol powercap_register_zone (err -2)
[    5.745443] joydev: Unknown symbol __check_object_size (err -2)
[    5.745472] crct10dif_pclmul: Unknown symbol __fentry__ (err -2)
[    5.745485] crct10dif_pclmul: Unknown symbol crc_t10dif_generic (err -2)
[    5.745516] joydev: Unknown symbol __dynamic_dev_dbg (err -2)
[    5.748256] joydev: Unknown symbol __fentry__ (err -2)
[    5.748332] joydev: Unknown symbol pv_ops (err -2)
[    5.755408] intel_rapl: Unknown symbol powercap_unregister_control_type (err -2)
[    5.755427] intel_rapl: Unknown symbol __fentry__ (err -2)
[    5.755436] intel_rapl: Unknown symbol powercap_unregister_zone (err -2)
[    5.755461] intel_rapl: Unknown symbol powercap_register_control_type (err -2)
[    5.755474] intel_rapl: Unknown symbol pv_ops (err -2)
[    5.755485] intel_rapl: Unknown symbol __dynamic_pr_debug (err -2)
[    5.755499] intel_rapl: Unknown symbol powercap_register_zone (err -2)
[    6.128029] mac_hid: Unknown symbol __fentry__ (err -2)
[    6.143525] joydev: Unknown symbol __check_object_size (err -2)
[    6.143631] joydev: Unknown symbol __dynamic_dev_dbg (err -2)
[    6.156561] joydev: Unknown symbol __fentry__ (err -2)
[    6.156638] joydev: Unknown symbol pv_ops (err -2)
[    6.236962] snap (1222) used greatest stack depth: 13552 bytes left
[    6.497430] hrtimer: interrupt took 6192307 ns
[    6.923454] grep (1372) used greatest stack depth: 13472 bytes left
[    6.936104] ip (1378) used greatest stack depth: 13440 bytes left
[    7.575294] grub-editenv (1480) used greatest stack depth: 13408 bytes left
[    8.389203] IPv6: ADDRCONF(NETDEV_UP): enp0s3: link is not ready
[    8.401849] e1000: enp0s3 NIC Link is Up 1000 Mbps Full Duplex, Flow Control: RX
[    8.407233] IPv6: ADDRCONF(NETDEV_UP): enp0s3: link is not ready
[    8.407352] IPv6: ADDRCONF(NETDEV_CHANGE): enp0s3: link becomes ready
[   10.457842] 06:19:58.467676 main     VBoxService 7.1.2 r164945 (verbosity: 0) linux.amd64 (Sep 26 2024 15:45:30) release log
               06:19:58.467687 main     Log opened 2024-11-14T06:19:58.467656000Z
[   10.457947] 06:19:58.467853 main     OS Product: Linux
[   10.458031] 06:19:58.467957 main     OS Release: 4.20.11.sslab
[   10.458221] 06:19:58.468134 main     OS Version: #7 SMP Thu Nov 14 14:21:40 KST 2024
[   10.458353] 06:19:58.468211 main     Executable: /opt/VBoxGuestAdditions-7.1.2/sbin/VBoxService
               06:19:58.468217 main     Process ID: 1700
               06:19:58.468222 main     Package type: LINUX_64BITS_GENERIC
[   10.476469] 06:19:58.486360 main     7.1.2 r164945 started. Verbose level = 0
[   10.484458] 06:19:58.494343 main     vbglR3GuestCtrlDetectPeekGetCancelSupport: Supported (#1)
[   10.539675] vboxsf: g_fHostFeatures=0x8000000f g_fSfFeatures=0x1 g_uSfLastFunction=29
[   10.539827] vboxsf: Successfully loaded version 7.1.2 r164945
[   10.539928] vboxsf: Successfully loaded version 7.1.2 r164945 on 4.20.11.sslab SMP mod_unload  (LINUX_VERSION_CODE=0x4140b)
[   10.542299] 06:19:58.552169 automount vbsvcAutomounterMountIt: Successfully mounted 'shared' on '/media/sf_shared'
[   51.461137] rfkill: input handler disabled
[   60.787567] ISO 9660 Extensions: Microsoft Joliet Level 3
[   60.788721] ISO 9660 Extensions: RRIP_1991A
[   86.305369] Process A (PID: 2558) started immediately
[   86.407350] Working: A (PID: 2558)
[   86.508463] Working: A (PID: 2558)
[   86.608639] Working: A (PID: 2558)
[   86.710285] Working: A (PID: 2558)
[   86.811092] Working: A (PID: 2558)
[   86.922032] Working: A (PID: 2558)
[   87.024076] Working: A (PID: 2558)
[   87.178926] Working: A (PID: 2558)
[   87.297025] Working: A (PID: 2558)
[   87.308908] Process 2559 added to waiting queue
[   87.309270] Working Denied: B (PID: 2559)
[   87.397151] Working: A (PID: 2558)
[   87.409450] Working Denied: B (PID: 2559)
[   87.497270] Working: A (PID: 2558)
[   87.509613] Working Denied: B (PID: 2559)
[   87.598304] Working: A (PID: 2558)
[   87.610478] Working Denied: B (PID: 2559)
[   87.698501] Working: A (PID: 2558)
[   87.711590] Working Denied: B (PID: 2559)
[   87.798658] Working: A (PID: 2558)
[   87.812294] Working Denied: B (PID: 2559)
[   87.899770] Working: A (PID: 2558)
[   87.912676] Working Denied: B (PID: 2559)
[   88.000502] Working: A (PID: 2558)
[   88.012838] Working Denied: B (PID: 2559)
[   88.100583] Working: A (PID: 2558)
[   88.113382] Working Denied: B (PID: 2559)
[   88.200767] Working: A (PID: 2558)
[   88.215594] Working Denied: B (PID: 2559)
[   88.300940] Working: A (PID: 2558)
[   88.306573] Process 2560 added to waiting queue
[   88.306579] Working Denied: C (PID: 2560)
[   88.316659] Working Denied: B (PID: 2559)
[   88.402350] Working: A (PID: 2558)
[   88.407417] Working Denied: C (PID: 2560)
[   88.416830] Working Denied: B (PID: 2559)
[   88.502865] Working: A (PID: 2558)
[   88.508303] Working Denied: C (PID: 2560)
[   88.516963] Working Denied: B (PID: 2559)
[   88.616847] Working Denied: C (PID: 2560)
[   88.616856] Working: A (PID: 2558)
[   88.618714] Working Denied: B (PID: 2559)
[   88.718048] Working: A (PID: 2558)
[   88.718235] Working Denied: C (PID: 2560)
[   88.718828] Working Denied: B (PID: 2559)
[   88.818896] Working: A (PID: 2558)
[   88.818957] Working Denied: C (PID: 2560)
[   88.818964] Working Denied: B (PID: 2559)
[   88.919105] Working: A (PID: 2558)
[   88.919111] Working Denied: B (PID: 2559)
[   88.919130] Working Denied: C (PID: 2560)
[   89.020404] Working Denied: C (PID: 2560)
[   89.020417] Working Denied: B (PID: 2559)
[   89.020420] Working: A (PID: 2558)
[   89.121357] Working Denied: C (PID: 2560)
[   89.121370] Working Denied: B (PID: 2559)
[   89.121380] Working: A (PID: 2558)
[   89.221525] Working Denied: C (PID: 2560)
[   89.221531] Working Denied: B (PID: 2559)
[   89.221553] Working: A (PID: 2558)
[   89.305159] Process 2561 added to waiting queue
[   89.305164] Working Denied: D (PID: 2561)
[   89.321680] Working Denied: C (PID: 2560)
[   89.321707] Working: A (PID: 2558)
[   89.321748] Working Denied: B (PID: 2559)
[   89.406305] Working Denied: D (PID: 2561)
[   89.421895] Working Denied: B (PID: 2559)
[   89.421903] Working Denied: C (PID: 2560)
[   89.421925] Working: A (PID: 2558)
[   89.507223] Working Denied: D (PID: 2561)
[   89.523562] Working: A (PID: 2558)
[   89.523618] Working Denied: B (PID: 2559)
[   89.523717] Working Denied: C (PID: 2560)
[   89.608201] Working Denied: D (PID: 2561)
[   89.624203] Working: A (PID: 2558)
[   89.624260] Working Denied: B (PID: 2559)
[   89.624297] Working Denied: C (PID: 2560)
[   89.709807] Working Denied: D (PID: 2561)
[   89.724416] Working Denied: B (PID: 2559)
[   89.724422] Working Denied: C (PID: 2560)
[   89.724446] Working: A (PID: 2558)
[   89.810769] Working Denied: D (PID: 2561)
[   89.825127] Working Denied: C (PID: 2560)
[   89.825183] Working Denied: B (PID: 2559)
[   89.825195] Working: A (PID: 2558)
[   89.911527] Working Denied: D (PID: 2561)
[   89.926113] Working Denied: B (PID: 2559)
[   89.926127] Working Denied: C (PID: 2560)
[   89.926160] Working: A (PID: 2558)
[   90.011726] Working Denied: D (PID: 2561)
[   90.027319] Working: A (PID: 2558)
[   90.027327] Working Denied: B (PID: 2559)
[   90.027340] Working Denied: C (PID: 2560)
[   90.111881] Working Denied: D (PID: 2561)
[   90.128386] Working: A (PID: 2558)
[   90.128403] Working Denied: B (PID: 2559)
[   90.128408] Working Denied: C (PID: 2560)
[   90.191756] systemd-localed (1853) used greatest stack depth: 13136 bytes left
[   90.212261] Working Denied: D (PID: 2561)
[   90.229289] Working: A (PID: 2558)
[   90.229373] Working Denied: C (PID: 2560)
[   90.229387] Working Denied: B (PID: 2559)
[   90.312368] Working Denied: D (PID: 2561)
[   90.331119] Working Denied: C (PID: 2560)
[   90.331131] Working Denied: B (PID: 2559)
[   90.331141] Working: A (PID: 2558)
[   90.413105] Working Denied: D (PID: 2561)
[   90.432628] Working Denied: C (PID: 2560)
[   90.432644] Working Denied: B (PID: 2559)
[   90.432650] Working: A (PID: 2558)
[   90.513818] Working Denied: D (PID: 2561)
[   90.533392] Working Denied: C (PID: 2560)
[   90.533407] Working Denied: B (PID: 2559)
[   90.533459] Working: A (PID: 2558)
[   90.614952] Working Denied: D (PID: 2561)
[   90.634188] Working Denied: B (PID: 2559)
[   90.634214] Working: A (PID: 2558)
[   90.634346] Working Denied: C (PID: 2560)
[   90.715089] Working Denied: D (PID: 2561)
[   90.735167] Working Denied: C (PID: 2560)
[   90.735205] Working Denied: B (PID: 2559)
[   90.735210] Working: A (PID: 2558)
[   90.815239] Working Denied: D (PID: 2561)
[   90.836401] Working: A (PID: 2558)
[   90.836688] Working Denied: B (PID: 2559)
[   90.836739] Working Denied: C (PID: 2560)
[   90.916128] Working Denied: D (PID: 2561)
[   90.937535] Working Denied: C (PID: 2560)
[   90.937602] Working: A (PID: 2558)
[   90.937688] Working Denied: B (PID: 2559)
[   91.016358] Working Denied: D (PID: 2561)
[   91.037691] Working Denied: C (PID: 2560)
[   91.037705] Working: A (PID: 2558)
[   91.037715] Working Denied: B (PID: 2559)
[   91.116491] Working Denied: D (PID: 2561)
[   91.138548] Working Denied: C (PID: 2560)
[   91.138654] Working: A (PID: 2558)
[   91.138722] Working Denied: B (PID: 2559)
[   91.216624] Working Denied: D (PID: 2561)
[   91.238709] Working: A (PID: 2558)
[   91.238725] Working Denied: C (PID: 2560)
[   91.242004] Working Denied: B (PID: 2559)
[   91.316767] Working Denied: D (PID: 2561)
[   91.338827] Working: A (PID: 2558)
[   91.338843] Working Denied: C (PID: 2560)
[   91.342742] Working Denied: B (PID: 2559)
[   91.417334] Working Denied: D (PID: 2561)
[   91.442933] Working: A (PID: 2558)
[   91.442954] Working Denied: C (PID: 2560)
[   91.452103] Working Denied: B (PID: 2559)
[   91.518611] Working Denied: D (PID: 2561)
[   91.544011] Working: A (PID: 2558)
[   91.544034] Working Denied: C (PID: 2560)
[   91.555320] Working Denied: B (PID: 2559)
[   91.619784] Working Denied: D (PID: 2561)
[   91.645881] Working: A (PID: 2558)
[   91.645903] Working Denied: C (PID: 2560)
[   91.680240] Working Denied: B (PID: 2559)
[   91.720027] Working Denied: D (PID: 2561)
[   91.751103] Working: A (PID: 2558)
[   91.751129] Working Denied: C (PID: 2560)
[   91.820964] Working Denied: B (PID: 2559)
[   91.820971] Working Denied: D (PID: 2561)
[   91.861741] Working: A (PID: 2558)
[   91.861757] Working Denied: C (PID: 2560)
[   91.922033] Working Denied: B (PID: 2559)
[   91.922095] Working Denied: D (PID: 2561)
[   91.965558] Working: A (PID: 2558)
[   91.966355] Working Denied: C (PID: 2560)
[   92.023136] Working Denied: D (PID: 2561)
[   92.023198] Working Denied: B (PID: 2559)
[   92.075569] Working Denied: C (PID: 2560)
[   92.075601] Working: A (PID: 2558)
[   92.124194] Working Denied: B (PID: 2559)
[   92.124200] Working Denied: D (PID: 2561)
[   92.176621] Working Denied: C (PID: 2560)
[   92.176635] Working: A (PID: 2558)
[   92.225321] Working Denied: B (PID: 2559)
[   92.225334] Working Denied: D (PID: 2561)
[   92.276780] Working Denied: C (PID: 2560)
[   92.276794] Working: A (PID: 2558)
[   92.326073] Working Denied: B (PID: 2559)
[   92.326167] Working Denied: D (PID: 2561)
[   92.376909] Working Denied: C (PID: 2560)
[   92.376923] Working: A (PID: 2558)
[   92.426286] Working Denied: B (PID: 2559)
[   92.426296] Working Denied: D (PID: 2561)
[   92.477054] Working Denied: C (PID: 2560)
[   92.477068] Working: A (PID: 2558)
[   92.527458] Working Denied: B (PID: 2559)
[   92.527471] Working Denied: D (PID: 2561)
[   92.578024] Working Denied: C (PID: 2560)
[   92.578063] Working: A (PID: 2558)
[   92.627600] Working Denied: B (PID: 2559)
[   92.627616] Working Denied: D (PID: 2561)
[   92.678835] Working Denied: C (PID: 2560)
[   92.678888] Working: A (PID: 2558)
[   92.727744] Working Denied: B (PID: 2559)
[   92.727757] Working Denied: D (PID: 2561)
[   92.779850] Working Denied: C (PID: 2560)
[   92.779928] Working: A (PID: 2558)
[   92.829109] Working Denied: B (PID: 2559)
[   92.829111] Working Denied: D (PID: 2561)
[   92.880019] Working Denied: C (PID: 2560)
[   92.880033] Working: A (PID: 2558)
[   92.930763] Working Denied: B (PID: 2559)
[   92.930821] Working Denied: D (PID: 2561)
[   92.980709] Working Denied: C (PID: 2560)
[   92.980766] Working: A (PID: 2558)
[   93.032588] Working Denied: B (PID: 2559)
[   93.032601] Working Denied: D (PID: 2561)
[   93.082197] Working Denied: C (PID: 2560)
[   93.082212] Working: A (PID: 2558)
[   93.132728] Working Denied: B (PID: 2559)
[   93.132738] Working Denied: D (PID: 2561)
[   93.182640] Working Denied: C (PID: 2560)
[   93.182715] Working: A (PID: 2558)
[   93.232837] Working Denied: B (PID: 2559)
[   93.232850] Working Denied: D (PID: 2561)
[   93.282838] Working Denied: C (PID: 2560)
[   93.282852] Working: A (PID: 2558)
[   93.334047] Working Denied: B (PID: 2559)
[   93.334072] Working Denied: D (PID: 2561)
[   93.384409] Working Denied: C (PID: 2560)
[   93.384423] Working: A (PID: 2558)
[   93.435069] Working Denied: D (PID: 2561)
[   93.435075] Working Denied: B (PID: 2559)
[   93.505351] Working Denied: C (PID: 2560)
[   93.505458] Process Finished: A (PID: 2558)
[   93.505463] Process 2559 removed from waiting queue
[   93.505467] Process A (PID: 2559) started from queue
[   93.535400] Working: B (PID: 2559)
[   93.535619] Working Denied: D (PID: 2561)
[   93.605603] Working Denied: C (PID: 2560)
[   93.636305] Working: B (PID: 2559)
[   93.636335] Working Denied: D (PID: 2561)
[   93.706782] Working Denied: C (PID: 2560)
[   93.736479] Working: B (PID: 2559)
[   93.736489] Working Denied: D (PID: 2561)
[   93.808527] Working Denied: C (PID: 2560)
[   93.837449] Working Denied: D (PID: 2561)
[   93.837474] Working: B (PID: 2559)
[   93.909902] Working Denied: C (PID: 2560)
[   93.937624] Working: B (PID: 2559)
[   93.937636] Working Denied: D (PID: 2561)
[   94.010935] Working Denied: C (PID: 2560)
[   94.037751] Working: B (PID: 2559)
[   94.037764] Working Denied: D (PID: 2561)
[   94.111080] Working Denied: C (PID: 2560)
[   94.138965] Working: B (PID: 2559)
[   94.139245] Working Denied: D (PID: 2561)
[   94.212094] Working Denied: C (PID: 2560)
[   94.240146] Working: B (PID: 2559)
[   94.240219] Working Denied: D (PID: 2561)
[   94.312255] Working Denied: C (PID: 2560)
[   94.340357] Working: B (PID: 2559)
[   94.340487] Working Denied: D (PID: 2561)
[   94.412406] Working Denied: C (PID: 2560)
[   94.440611] Working Denied: D (PID: 2561)
[   94.440635] Working: B (PID: 2559)
[   94.512541] Working Denied: C (PID: 2560)
[   94.540754] Working: B (PID: 2559)
[   94.540773] Working Denied: D (PID: 2561)
[   94.612932] Working Denied: C (PID: 2560)
[   94.641793] Working: B (PID: 2559)
[   94.641916] Working Denied: D (PID: 2561)
[   94.713763] Working Denied: C (PID: 2560)
[   94.742820] Working: B (PID: 2559)
[   94.742844] Working Denied: D (PID: 2561)
[   94.813923] Working Denied: C (PID: 2560)
[   94.843493] Working Denied: D (PID: 2561)
[   94.847619] Working: B (PID: 2559)
[   94.914022] Working Denied: C (PID: 2560)
[   94.943592] Working Denied: D (PID: 2561)
[   94.947740] Working: B (PID: 2559)
[   95.014121] Working Denied: C (PID: 2560)
[   95.043727] Working Denied: D (PID: 2561)
[   95.048588] Working: B (PID: 2559)
[   95.115017] Working Denied: C (PID: 2560)
[   95.143872] Working Denied: D (PID: 2561)
[   95.148786] Working: B (PID: 2559)
[   95.215170] Working Denied: C (PID: 2560)
[   95.244093] Working Denied: D (PID: 2561)
[   95.248899] Working: B (PID: 2559)
[   95.315276] Working Denied: C (PID: 2560)
[   95.345257] Working Denied: D (PID: 2561)
[   95.349780] Working: B (PID: 2559)
[   95.415424] Working Denied: C (PID: 2560)
[   95.445783] Working Denied: D (PID: 2561)
[   95.449913] Working: B (PID: 2559)
[   95.516283] Working Denied: C (PID: 2560)
[   95.546586] Working Denied: D (PID: 2561)
[   95.550713] Working: B (PID: 2559)
[   95.616439] Working Denied: C (PID: 2560)
[   95.647914] Working Denied: D (PID: 2561)
[   95.650943] Working: B (PID: 2559)
[   95.717002] Working Denied: C (PID: 2560)
[   95.748857] Working Denied: D (PID: 2561)
[   95.751475] Working: B (PID: 2559)
[   95.817914] Working Denied: C (PID: 2560)
[   95.849641] Working Denied: D (PID: 2561)
[   95.851596] Working: B (PID: 2559)
[   95.918057] Working Denied: C (PID: 2560)
[   95.951130] Working Denied: D (PID: 2561)
[   95.951707] Working: B (PID: 2559)
[   96.018955] Working Denied: C (PID: 2560)
[   96.051271] Working Denied: D (PID: 2561)
[   96.052796] Working: B (PID: 2559)
[   96.119169] Working Denied: C (PID: 2560)
[   96.152368] Working Denied: D (PID: 2561)
[   96.153150] Working: B (PID: 2559)
[   96.219304] Working Denied: C (PID: 2560)
[   96.252496] Working Denied: D (PID: 2561)
[   96.259149] Working: B (PID: 2559)
[   96.351827] Working Denied: C (PID: 2560)
[   96.352630] Working Denied: D (PID: 2561)
[   96.363428] Working: B (PID: 2559)
[   96.452729] Working Denied: C (PID: 2560)
[   96.452770] Working Denied: D (PID: 2561)
[   96.484159] Working: B (PID: 2559)
[   96.552892] Working Denied: C (PID: 2560)
[   96.552905] Working Denied: D (PID: 2561)
[   96.592783] Working: B (PID: 2559)
[   96.653623] Working Denied: C (PID: 2560)
[   96.653755] Working Denied: D (PID: 2561)
[   96.713005] Working: B (PID: 2559)
[   96.755433] Working Denied: C (PID: 2560)
[   96.755484] Working Denied: D (PID: 2561)
[   96.832391] Working: B (PID: 2559)
[   96.877309] Working Denied: C (PID: 2560)
[   96.877453] Working Denied: D (PID: 2561)
[   96.950340] Working: B (PID: 2559)
[   96.977441] Working Denied: C (PID: 2560)
[   96.978569] Working Denied: D (PID: 2561)
[   97.060573] Working: B (PID: 2559)
[   97.077788] Working Denied: C (PID: 2560)
[   97.080104] Working Denied: D (PID: 2561)
[   97.175818] Working: B (PID: 2559)
[   97.178443] Working Denied: C (PID: 2560)
[   97.180760] Working Denied: D (PID: 2561)
[   97.281777] Working Denied: D (PID: 2561)
[   97.281803] Working: B (PID: 2559)
[   97.281822] Working Denied: C (PID: 2560)
[   97.381913] Working: B (PID: 2559)
[   97.381928] Working Denied: C (PID: 2560)
[   97.381933] Working Denied: D (PID: 2561)
[   97.482053] Working: B (PID: 2559)
[   97.482065] Working Denied: D (PID: 2561)
[   97.482068] Working Denied: C (PID: 2560)
[   97.582168] Working: B (PID: 2559)
[   97.582192] Working Denied: C (PID: 2560)
[   97.582200] Working Denied: D (PID: 2561)
[   97.682731] Working: B (PID: 2559)
[   97.682846] Working Denied: D (PID: 2561)
[   97.682891] Working Denied: C (PID: 2560)
[   97.784061] Working: B (PID: 2559)
[   97.784096] Working Denied: D (PID: 2561)
[   97.784115] Working Denied: C (PID: 2560)
[   97.884830] Working: B (PID: 2559)
[   97.884901] Working Denied: C (PID: 2560)
[   97.884957] Working Denied: D (PID: 2561)
[   97.985353] Working: B (PID: 2559)
[   97.985376] Working Denied: C (PID: 2560)
[   97.985401] Working Denied: D (PID: 2561)
[   98.086170] Working: B (PID: 2559)
[   98.086200] Working Denied: D (PID: 2561)
[   98.086294] Working Denied: C (PID: 2560)
[   98.192336] Working: B (PID: 2559)
[   98.192449] Working Denied: C (PID: 2560)
[   98.192652] Working Denied: D (PID: 2561)
[   98.294356] Working: B (PID: 2559)
[   98.294409] Working Denied: C (PID: 2560)
[   98.294546] Working Denied: D (PID: 2561)
[   98.394484] Working: B (PID: 2559)
[   98.395423] Working Denied: C (PID: 2560)
[   98.396038] Working Denied: D (PID: 2561)
[   98.496176] Working: B (PID: 2559)
[   98.496187] Working Denied: D (PID: 2561)
[   98.496191] Working Denied: C (PID: 2560)
[   98.596326] Working: B (PID: 2559)
[   98.596338] Working Denied: D (PID: 2561)
[   98.596342] Working Denied: C (PID: 2560)
[   98.697461] Process Finished: B (PID: 2559)
[   98.697468] Working Denied: D (PID: 2561)
[   98.697474] Process 2560 removed from waiting queue
[   98.697480] Process B (PID: 2560) started from queue
[   98.697694] Working: C (PID: 2560)
[   98.797627] Working Denied: D (PID: 2561)
[   98.798658] Working: C (PID: 2560)
[   98.898293] Working Denied: D (PID: 2561)
[   98.899150] Working: C (PID: 2560)
[   98.998465] Working Denied: D (PID: 2561)
[   98.999907] Working: C (PID: 2560)
[   99.116557] Working: C (PID: 2560)
[   99.116610] Working Denied: D (PID: 2561)
[   99.280191] Working Denied: D (PID: 2561)
[   99.280254] Working: C (PID: 2560)
[   99.391022] Working Denied: D (PID: 2561)
[   99.391040] Working: C (PID: 2560)
[   99.492529] Working: C (PID: 2560)
[   99.492595] Working Denied: D (PID: 2561)
[   99.593388] Working Denied: D (PID: 2561)
[   99.593450] Working: C (PID: 2560)
[   99.694022] Working: C (PID: 2560)
[   99.694129] Working Denied: D (PID: 2561)
[   99.871004] Working Denied: D (PID: 2561)
[   99.871077] Working: C (PID: 2560)
[   99.972070] Working Denied: D (PID: 2561)
[   99.972083] Working: C (PID: 2560)
[  100.133126] Working: C (PID: 2560)
[  100.133145] Working Denied: D (PID: 2561)
[  100.402753] Working: C (PID: 2560)
[  100.402775] Working Denied: D (PID: 2561)
[  100.503508] Working Denied: D (PID: 2561)
[  100.503603] Working: C (PID: 2560)
[  100.603703] Working Denied: D (PID: 2561)
[  100.603722] Working: C (PID: 2560)
[  100.703838] Working: C (PID: 2560)
[  100.703853] Working Denied: D (PID: 2561)
[  100.803975] Working Denied: D (PID: 2561)
[  100.803990] Working: C (PID: 2560)
[  100.905073] Working: C (PID: 2560)
[  100.905225] Working Denied: D (PID: 2561)
[  101.006149] Working Denied: D (PID: 2561)
[  101.006176] Working: C (PID: 2560)
[  101.106326] Working Denied: D (PID: 2561)
[  101.106340] Working: C (PID: 2560)
[  101.206464] Working Denied: D (PID: 2561)
[  101.206477] Working: C (PID: 2560)
[  101.306609] Working Denied: D (PID: 2561)
[  101.306622] Working: C (PID: 2560)
[  101.406753] Working Denied: D (PID: 2561)
[  101.406766] Working: C (PID: 2560)
[  101.506898] Working Denied: D (PID: 2561)
[  101.506912] Working: C (PID: 2560)
[  101.607019] Working Denied: D (PID: 2561)
[  101.607033] Working: C (PID: 2560)
[  101.707155] Working Denied: D (PID: 2561)
[  101.707168] Working: C (PID: 2560)
[  101.807355] Working Denied: D (PID: 2561)
[  101.807382] Working: C (PID: 2560)
[  101.908350] Working: C (PID: 2560)
[  101.908363] Working Denied: D (PID: 2561)
[  102.008488] Working: C (PID: 2560)
[  102.008501] Working Denied: D (PID: 2561)
[  102.108660] Process Finished: C (PID: 2560)
[  102.108665] Process 2561 removed from waiting queue
[  102.108667] Process C (PID: 2561) started from queue
[  102.108848] Working: D (PID: 2561)
[  102.215149] Working: D (PID: 2561)
[  102.316469] Working: D (PID: 2561)
[  102.416598] Working: D (PID: 2561)
[  102.516724] Working: D (PID: 2561)
[  102.616888] Working: D (PID: 2561)
[  102.718096] Working: D (PID: 2561)
[  102.818239] Working: D (PID: 2561)
[  102.918946] Working: D (PID: 2561)
[  103.021273] Working: D (PID: 2561)
[  103.121911] Process Finished: D (PID: 2561)
[  103.121915] Queue is empty after finishing process D
