[    0.000000] Linux version 4.20.11.sslab (root@yeyoung-VirtualBox) (gcc version 7.5.0 (Ubuntu 7.5.0-3ubuntu1~18.04)) #8 SMP Thu Nov 14 16:20:29 KST 2024
[    0.000000] Command line: BOOT_IMAGE=/boot/vmlinuz-4.20.11.sslab root=UUID=a3124ff5-4186-49fa-b481-72282f8c592a ro quiet splash
[    0.000000] x86/fpu: Supporting XSAVE feature 0x001: 'x87 floating point registers'
[    0.000000] x86/fpu: Supporting XSAVE feature 0x002: 'SSE registers'
[    0.000000] x86/fpu: Supporting XSAVE feature 0x004: 'AVX registers'
[    0.000000] x86/fpu: xstate_offset[2]:  576, xstate_sizes[2]:  256
[    0.000000] x86/fpu: Enabled xstate features 0x7, context size is 832 bytes, using 'standard' format.
[    0.000000] BIOS-provided physical RAM map:
[    0.000000] BIOS-e820: [mem 0x0000000000000000-0x000000000009fbff] usable
[    0.000000] BIOS-e820: [mem 0x000000000009fc00-0x000000000009ffff] reserved
[    0.000000] BIOS-e820: [mem 0x00000000000f0000-0x00000000000fffff] reserved
[    0.000000] BIOS-e820: [mem 0x0000000000100000-0x00000000dffeffff] usable
[    0.000000] BIOS-e820: [mem 0x00000000dfff0000-0x00000000dfffffff] ACPI data
[    0.000000] BIOS-e820: [mem 0x00000000fec00000-0x00000000fec00fff] reserved
[    0.000000] BIOS-e820: [mem 0x00000000fee00000-0x00000000fee00fff] reserved
[    0.000000] BIOS-e820: [mem 0x00000000fffc0000-0x00000000ffffffff] reserved
[    0.000000] BIOS-e820: [mem 0x0000000100000000-0x000000011fffffff] usable
[    0.000000] NX (Execute Disable) protection: active
[    0.000000] SMBIOS 2.5 present.
[    0.000000] DMI: innotek GmbH VirtualBox/VirtualBox, BIOS VirtualBox 12/01/2006
[    0.000000] e820: update [mem 0x00000000-0x00000fff] usable ==> reserved
[    0.000000] e820: remove [mem 0x000a0000-0x000fffff] usable
[    0.000000] last_pfn = 0x120000 max_arch_pfn = 0x400000000
[    0.000000] MTRR default type: uncachable
[    0.000000] MTRR fixed ranges enabled:
[    0.000000]   00000-9FFFF write-back
[    0.000000]   A0000-BFFFF uncachable
[    0.000000]   C0000-FFFFF write-protect
[    0.000000] MTRR variable ranges enabled:
[    0.000000]   0 base 0000000000 mask 7F00000000 write-back
[    0.000000]   1 base 00E0000000 mask 7FE0000000 uncachable
[    0.000000]   2 base 0100000000 mask 7FE0000000 write-back
[    0.000000]   3 disabled
[    0.000000]   4 disabled
[    0.000000]   5 disabled
[    0.000000]   6 disabled
[    0.000000]   7 disabled
[    0.000000]   8 disabled
[    0.000000]   9 disabled
[    0.000000]   10 disabled
[    0.000000]   11 disabled
[    0.000000]   12 disabled
[    0.000000]   13 disabled
[    0.000000]   14 disabled
[    0.000000]   15 disabled
[    0.000000] x86/PAT: Configuration [0-7]: WB  WC  UC- UC  WB  WP  UC- WT  
[    0.000000] e820: update [mem 0xe0000000-0xffffffff] usable ==> reserved
[    0.000000] last_pfn = 0xdfff0 max_arch_pfn = 0x400000000
[    0.000000] found SMP MP-table at [mem 0x0009fbf0-0x0009fbff] mapped at [(____ptrval____)]
[    0.000000] check: Scanning 1 areas for low memory corruption
[    0.000000] Base memory trampoline at [(____ptrval____)] 99000 size 24576
[    0.000000] BRK [0xcf601000, 0xcf601fff] PGTABLE
[    0.000000] BRK [0xcf602000, 0xcf602fff] PGTABLE
[    0.000000] BRK [0xcf603000, 0xcf603fff] PGTABLE
[    0.000000] BRK [0xcf604000, 0xcf604fff] PGTABLE
[    0.000000] BRK [0xcf605000, 0xcf605fff] PGTABLE
[    0.000000] RAMDISK: [mem 0x30503000-0x34278fff]
[    0.000000] ACPI: Early table checksum verification disabled
[    0.000000] ACPI: RSDP 0x00000000000E0000 000024 (v02 VBOX  )
[    0.000000] ACPI: XSDT 0x00000000DFFF0030 00003C (v01 VBOX   VBOXXSDT 00000001 ASL  00000061)
[    0.000000] ACPI: FACP 0x00000000DFFF00F0 0000F4 (v04 VBOX   VBOXFACP 00000001 ASL  00000061)
[    0.000000] ACPI: DSDT 0x00000000DFFF0610 002353 (v02 VBOX   VBOXBIOS 00000002 INTL 20100528)
[    0.000000] ACPI: FACS 0x00000000DFFF0200 000040
[    0.000000] ACPI: FACS 0x00000000DFFF0200 000040
[    0.000000] ACPI: APIC 0x00000000DFFF0240 00005C (v02 VBOX   VBOXAPIC 00000001 ASL  00000061)
[    0.000000] ACPI: SSDT 0x00000000DFFF02A0 00036C (v01 VBOX   VBOXCPUT 00000002 INTL 20100528)
[    0.000000] ACPI: Local APIC address 0xfee00000
[    0.000000] No NUMA configuration found
[    0.000000] Faking a node at [mem 0x0000000000000000-0x000000011fffffff]
[    0.000000] NODE_DATA(0) allocated [mem 0x11fff8000-0x11fffbfff]
[    0.000000] Zone ranges:
[    0.000000]   DMA      [mem 0x0000000000001000-0x0000000000ffffff]
[    0.000000]   DMA32    [mem 0x0000000001000000-0x00000000ffffffff]
[    0.000000]   Normal   [mem 0x0000000100000000-0x000000011fffffff]
[    0.000000] Movable zone start for each node
[    0.000000] Early memory node ranges
[    0.000000]   node   0: [mem 0x0000000000001000-0x000000000009efff]
[    0.000000]   node   0: [mem 0x0000000000100000-0x00000000dffeffff]
[    0.000000]   node   0: [mem 0x0000000100000000-0x000000011fffffff]
[    0.000000] Zeroed struct page in unavailable ranges: 114 pages
[    0.000000] Initmem setup node 0 [mem 0x0000000000001000-0x000000011fffffff]
[    0.000000] On node 0 totalpages: 1048462
[    0.000000]   DMA zone: 64 pages used for memmap
[    0.000000]   DMA zone: 21 pages reserved
[    0.000000]   DMA zone: 3998 pages, LIFO batch:0
[    0.000000]   DMA32 zone: 14272 pages used for memmap
[    0.000000]   DMA32 zone: 913392 pages, LIFO batch:63
[    0.000000]   Normal zone: 2048 pages used for memmap
[    0.000000]   Normal zone: 131072 pages, LIFO batch:31
[    0.000000] ACPI: PM-Timer IO Port: 0x4008
[    0.000000] ACPI: Local APIC address 0xfee00000
[    0.000000] IOAPIC[0]: apic_id 2, version 32, address 0xfec00000, GSI 0-23
[    0.000000] ACPI: INT_SRC_OVR (bus 0 bus_irq 0 global_irq 2 dfl dfl)
[    0.000000] ACPI: INT_SRC_OVR (bus 0 bus_irq 9 global_irq 9 low level)
[    0.000000] ACPI: IRQ0 used by override.
[    0.000000] ACPI: IRQ9 used by override.
[    0.000000] Using ACPI (MADT) for SMP configuration information
[    0.000000] smpboot: Allowing 2 CPUs, 0 hotplug CPUs
[    0.000000] PM: Registered nosave memory: [mem 0x00000000-0x00000fff]
[    0.000000] PM: Registered nosave memory: [mem 0x0009f000-0x0009ffff]
[    0.000000] PM: Registered nosave memory: [mem 0x000a0000-0x000effff]
[    0.000000] PM: Registered nosave memory: [mem 0x000f0000-0x000fffff]
[    0.000000] PM: Registered nosave memory: [mem 0xdfff0000-0xdfffffff]
[    0.000000] PM: Registered nosave memory: [mem 0xe0000000-0xfebfffff]
[    0.000000] PM: Registered nosave memory: [mem 0xfec00000-0xfec00fff]
[    0.000000] PM: Registered nosave memory: [mem 0xfec01000-0xfedfffff]
[    0.000000] PM: Registered nosave memory: [mem 0xfee00000-0xfee00fff]
[    0.000000] PM: Registered nosave memory: [mem 0xfee01000-0xfffbffff]
[    0.000000] PM: Registered nosave memory: [mem 0xfffc0000-0xffffffff]
[    0.000000] [mem 0xe0000000-0xfebfffff] available for PCI devices
[    0.000000] clocksource: refined-jiffies: mask: 0xffffffff max_cycles: 0xffffffff, max_idle_ns: 1910969940391419 ns
[    0.000000] random: get_random_bytes called from start_kernel+0x8b/0x489 with crng_init=0
[    0.000000] setup_percpu: NR_CPUS:64 nr_cpumask_bits:64 nr_cpu_ids:2 nr_node_ids:1
[    0.000000] percpu: Embedded 43 pages/cpu @(____ptrval____) s137944 r8192 d29992 u1048576
[    0.000000] pcpu-alloc: s137944 r8192 d29992 u1048576 alloc=1*2097152
[    0.000000] pcpu-alloc: [0] 0 1 
[    0.000000] Built 1 zonelists, mobility grouping on.  Total pages: 1032057
[    0.000000] Policy zone: Normal
[    0.000000] Kernel command line: BOOT_IMAGE=/boot/vmlinuz-4.20.11.sslab root=UUID=a3124ff5-4186-49fa-b481-72282f8c592a ro quiet splash
[    0.000000] Calgary: detecting Calgary via BIOS EBDA area
[    0.000000] Calgary: Unable to locate Rio Grande table in EBDA - bailing!
[    0.000000] Memory: 3970168K/4193848K available (14341K kernel code, 1270K rwdata, 2984K rodata, 1248K init, 1500K bss, 223680K reserved, 0K cma-reserved)
[    0.000000] SLUB: HWalign=64, Order=0-3, MinObjects=0, CPUs=2, Nodes=1
[    0.000000] Kernel/User page tables isolation: enabled
[    0.000000] rcu: Hierarchical RCU implementation.
[    0.000000] rcu: 	RCU event tracing is enabled.
[    0.000000] rcu: 	RCU restricting CPUs from NR_CPUS=64 to nr_cpu_ids=2.
[    0.000000] rcu: RCU calculated value of scheduler-enlistment delay is 100 jiffies.
[    0.000000] rcu: Adjusting geometry for rcu_fanout_leaf=16, nr_cpu_ids=2
[    0.000000] NR_IRQS: 4352, nr_irqs: 440, preallocated irqs: 16
[    0.000000] Console: colour VGA+ 80x25
[    0.000000] printk: console [tty0] enabled
[    0.000000] ACPI: Core revision 20181003
[    0.000000] APIC: Switch to symmetric I/O mode setup
[    0.000000] ..TIMER: vector=0x30 apic1=0 pin1=2 apic2=-1 pin2=-1
[    0.008000] tsc: Unable to calibrate against PIT
[    0.008000] tsc: using PMTIMER reference calibration
[    0.008000] tsc: Detected 2394.443 MHz processor
[    0.000017] clocksource: tsc-early: mask: 0xffffffffffffffff max_cycles: 0x2283b5ffec6, max_idle_ns: 440795240334 ns
[    0.000037] Calibrating delay loop (skipped), value calculated using timer frequency.. 4788.88 BogoMIPS (lpj=2394443)
[    0.000044] pid_max: default: 32768 minimum: 301
[    0.000098] LSM: Security Framework initializing
[    0.000104] SELinux:  Initializing.
[    0.000694] Dentry cache hash table entries: 524288 (order: 10, 4194304 bytes)
[    0.001724] Inode-cache hash table entries: 262144 (order: 9, 2097152 bytes)
[    0.001765] Mount-cache hash table entries: 8192 (order: 4, 65536 bytes)
[    0.001792] Mountpoint-cache hash table entries: 8192 (order: 4, 65536 bytes)
[    0.002295] mce: CPU supports 0 MCE banks
[    0.002414] Last level iTLB entries: 4KB 1024, 2MB 1024, 4MB 1024
[    0.002421] Last level dTLB entries: 4KB 1024, 2MB 1024, 4MB 1024, 1GB 4
[    0.002435] Spectre V2 : Mitigation: Full generic retpoline
[    0.002442] Spectre V2 : Spectre v2 / SpectreRSB mitigation: Filling RSB on context switch
[    0.002452] Speculative Store Bypass: Vulnerable
[    0.004250] Freeing SMP alternatives memory: 40K
[    0.006022] smpboot: CPU0: Intel(R) Core(TM) i5-4210U CPU @ 1.70GHz (family: 0x6, model: 0x45, stepping: 0x1)
[    0.006115] Performance Events: unsupported p6 CPU model 69 no PMU driver, software events only.
[    0.006199] rcu: Hierarchical SRCU implementation.
[    0.006442] smp: Bringing up secondary CPUs ...
[    0.006777] x86: Booting SMP configuration:
[    0.006780] .... node  #0, CPUs:      #1
[    0.000000] mce: CPU supports 0 MCE banks
[    0.008063] smp: Brought up 1 node, 2 CPUs
[    0.008063] smpboot: Max logical packages: 1
[    0.008063] smpboot: Total of 2 processors activated (9577.77 BogoMIPS)
[    0.009551] devtmpfs: initialized
[    0.011229] clocksource: jiffies: mask: 0xffffffff max_cycles: 0xffffffff, max_idle_ns: 1911260446275000 ns
[    0.011240] futex hash table entries: 512 (order: 3, 32768 bytes)
[    0.011262] kworker/u4:0 (21) used greatest stack depth: 14592 bytes left
[    0.011412] RTC time:  7:24:56, date: 11/14/24
[    0.011729] NET: Registered protocol family 16
[    0.012093] audit: initializing netlink subsys (disabled)
[    0.012166] audit: type=2000 audit(1731569096.020:1): state=initialized audit_enabled=0 res=1
[    0.013326] cpuidle: using governor menu
[    0.013530] ACPI: bus type PCI registered
[    0.013823] PCI: Using configuration type 1 for base access
[    0.014487] kworker/u4:0 (46) used greatest stack depth: 14160 bytes left
[    0.041305] HugeTLB registered 2.00 MiB page size, pre-allocated 0 pages
[    0.042174] ACPI: Added _OSI(Module Device)
[    0.042179] ACPI: Added _OSI(Processor Device)
[    0.042185] ACPI: Added _OSI(3.0 _SCP Extensions)
[    0.042191] ACPI: Added _OSI(Processor Aggregator Device)
[    0.042197] ACPI: Added _OSI(Linux-Dell-Video)
[    0.042204] ACPI: Added _OSI(Linux-Lenovo-NV-HDMI-Audio)
[    0.050570] ACPI: 2 ACPI AML tables successfully acquired and loaded
[    0.056289] ACPI: Interpreter enabled
[    0.056322] ACPI: (supports S0 S5)
[    0.056327] ACPI: Using IOAPIC for interrupt routing
[    0.056769] PCI: Using host bridge windows from ACPI; if necessary, use "pci=nocrs" and report a bug
[    0.057197] ACPI: Enabled 2 GPEs in block 00 to 07
[    0.078755] ACPI: PCI Root Bridge [PCI0] (domain 0000 [bus 00-ff])
[    0.078769] acpi PNP0A03:00: _OSC: OS supports [ASPM ClockPM Segments MSI]
[    0.080117] acpi PNP0A03:00: _OSC: not requesting OS control; OS requires [ExtendedConfig ASPM ClockPM MSI]
[    0.080145] acpi PNP0A03:00: fail to add MMCONFIG information, can't access extended PCI configuration space under this bridge.
[    0.080475] PCI host bridge to bus 0000:00
[    0.080484] pci_bus 0000:00: root bus resource [io  0x0000-0x0cf7 window]
[    0.080492] pci_bus 0000:00: root bus resource [io  0x0d00-0xffff window]
[    0.080500] pci_bus 0000:00: root bus resource [mem 0x000a0000-0x000bffff window]
[    0.080508] pci_bus 0000:00: root bus resource [mem 0xe0000000-0xfdffffff window]
[    0.080515] pci_bus 0000:00: root bus resource [bus 00-ff]
[    0.080653] pci 0000:00:00.0: [8086:1237] type 00 class 0x060000
[    0.082306] pci 0000:00:01.0: [8086:7000] type 00 class 0x060100
[    0.083974] pci 0000:00:01.1: [8086:7111] type 00 class 0x01018a
[    0.084910] pci 0000:00:01.1: reg 0x20: [io  0xd000-0xd00f]
[    0.085307] pci 0000:00:01.1: legacy IDE quirk: reg 0x10: [io  0x01f0-0x01f7]
[    0.085314] pci 0000:00:01.1: legacy IDE quirk: reg 0x14: [io  0x03f6]
[    0.085322] pci 0000:00:01.1: legacy IDE quirk: reg 0x18: [io  0x0170-0x0177]
[    0.085330] pci 0000:00:01.1: legacy IDE quirk: reg 0x1c: [io  0x0376]
[    0.086175] pci 0000:00:02.0: [15ad:0405] type 00 class 0x030000
[    0.091041] pci 0000:00:02.0: reg 0x10: [io  0xd010-0xd01f]
[    0.095050] pci 0000:00:02.0: reg 0x14: [mem 0xe0000000-0xe0ffffff pref]
[    0.100060] pci 0000:00:02.0: reg 0x18: [mem 0xf0000000-0xf01fffff]
[    0.128340] pci 0000:00:03.0: [8086:100e] type 00 class 0x020000
[    0.132391] pci 0000:00:03.0: reg 0x10: [mem 0xf0200000-0xf021ffff]
[    0.138243] pci 0000:00:03.0: reg 0x18: [io  0xd020-0xd027]
[    0.154781] pci 0000:00:04.0: [80ee:cafe] type 00 class 0x088000
[    0.160417] pci 0000:00:04.0: reg 0x10: [io  0xd040-0xd05f]
[    0.167119] pci 0000:00:04.0: reg 0x14: [mem 0xf0400000-0xf07fffff]
[    0.171643] pci 0000:00:04.0: reg 0x18: [mem 0xf0800000-0xf0803fff pref]
[    0.186778] pci 0000:00:05.0: [8086:2415] type 00 class 0x040100
[    0.187101] pci 0000:00:05.0: reg 0x10: [io  0xd100-0xd1ff]
[    0.187256] pci 0000:00:05.0: reg 0x14: [io  0xd200-0xd23f]
[    0.188505] pci 0000:00:06.0: [106b:003f] type 00 class 0x0c0310
[    0.192141] pci 0000:00:06.0: reg 0x10: [mem 0xf0804000-0xf0804fff]
[    0.214173] pci 0000:00:07.0: [8086:7113] type 00 class 0x068000
[    0.215646] pci 0000:00:07.0: quirk: [io  0x4000-0x403f] claimed by PIIX4 ACPI
[    0.215680] pci 0000:00:07.0: quirk: [io  0x4100-0x410f] claimed by PIIX4 SMB
[    0.217033] pci 0000:00:0b.0: [8086:265c] type 00 class 0x0c0320
[    0.220156] pci 0000:00:0b.0: reg 0x10: [mem 0xf0805000-0xf0805fff]
[    0.241827] pci 0000:00:0d.0: [8086:2829] type 00 class 0x010601
[    0.246115] pci 0000:00:0d.0: reg 0x10: [io  0xd240-0xd247]
[    0.250379] pci 0000:00:0d.0: reg 0x14: [io  0xd248-0xd24b]
[    0.254129] pci 0000:00:0d.0: reg 0x18: [io  0xd250-0xd257]
[    0.257546] pci 0000:00:0d.0: reg 0x1c: [io  0xd258-0xd25b]
[    0.261416] pci 0000:00:0d.0: reg 0x20: [io  0xd260-0xd26f]
[    0.264468] pci 0000:00:0d.0: reg 0x24: [mem 0xf0806000-0xf0807fff]
[    0.273898] ACPI: PCI Interrupt Link [LNKA] (IRQs 5 9 10 *11)
[    0.274775] ACPI: PCI Interrupt Link [LNKB] (IRQs 5 9 *10 11)
[    0.275109] ACPI: PCI Interrupt Link [LNKC] (IRQs 5 *9 10 11)
[    0.275393] ACPI: PCI Interrupt Link [LNKD] (IRQs 5 9 10 *11)
[    0.277044] pci 0000:00:02.0: vgaarb: setting as boot VGA device
[    0.277044] pci 0000:00:02.0: vgaarb: VGA device added: decodes=io+mem,owns=io+mem,locks=none
[    0.277044] pci 0000:00:02.0: vgaarb: bridge control possible
[    0.277044] vgaarb: loaded
[    0.277063] SCSI subsystem initialized
[    0.277347] libata version 3.00 loaded.
[    0.278142] ACPI: bus type USB registered
[    0.278300] usbcore: registered new interface driver usbfs
[    0.278380] usbcore: registered new interface driver hub
[    0.278438] usbcore: registered new device driver usb
[    0.278744] pps_core: LinuxPPS API ver. 1 registered
[    0.278744] pps_core: Software ver. 5.3.6 - Copyright 2005-2007 Rodolfo Giometti <giometti@linux.it>
[    0.278744] PTP clock support registered
[    0.279340] EDAC MC: Ver: 3.0.0
[    0.280107] Advanced Linux Sound Architecture Driver Initialized.
[    0.280107] PCI: Using ACPI for IRQ routing
[    0.280107] PCI: pci_cache_line_size set to 64 bytes
[    0.281039] e820: reserve RAM buffer [mem 0x0009fc00-0x0009ffff]
[    0.281039] e820: reserve RAM buffer [mem 0xdfff0000-0xdfffffff]
[    0.281039] NetLabel: Initializing
[    0.281039] NetLabel:  domain hash size = 128
[    0.281039] NetLabel:  protocols = UNLABELED CIPSOv4 CALIPSO
[    0.281039] NetLabel:  unlabeled traffic allowed by default
[    0.301040] clocksource: Switched to clocksource tsc-early
[    0.360160] VFS: Disk quotas dquot_6.6.0
[    0.360440] VFS: Dquot-cache hash table entries: 512 (order 0, 4096 bytes)
[    0.360675] pnp: PnP ACPI init
[    0.360857] pnp 00:00: Plug and Play ACPI device, IDs PNP0303 (active)
[    0.361073] pnp 00:01: Plug and Play ACPI device, IDs PNP0f03 (active)
[    0.365061] pnp: PnP ACPI: found 2 devices
[    0.379373] clocksource: acpi_pm: mask: 0xffffff max_cycles: 0xffffff, max_idle_ns: 2085701024 ns
[    0.379377] pci_bus 0000:00: resource 4 [io  0x0000-0x0cf7 window]
[    0.379397] pci_bus 0000:00: resource 5 [io  0x0d00-0xffff window]
[    0.379404] pci_bus 0000:00: resource 6 [mem 0x000a0000-0x000bffff window]
[    0.379410] pci_bus 0000:00: resource 7 [mem 0xe0000000-0xfdffffff window]
[    0.379515] NET: Registered protocol family 2
[    0.379821] tcp_listen_portaddr_hash hash table entries: 2048 (order: 3, 32768 bytes)
[    0.379860] TCP established hash table entries: 32768 (order: 6, 262144 bytes)
[    0.380155] TCP bind hash table entries: 32768 (order: 7, 524288 bytes)
[    0.380366] TCP: Hash tables configured (established 32768 bind 32768)
[    0.380417] UDP hash table entries: 2048 (order: 4, 65536 bytes)
[    0.380455] UDP-Lite hash table entries: 2048 (order: 4, 65536 bytes)
[    0.380546] NET: Registered protocol family 1
[    0.381027] RPC: Registered named UNIX socket transport module.
[    0.381031] RPC: Registered udp transport module.
[    0.381035] RPC: Registered tcp transport module.
[    0.381039] RPC: Registered tcp NFSv4.1 backchannel transport module.
[    0.381565] pci 0000:00:00.0: Limiting direct PCI/PCI transfers
[    0.381599] pci 0000:00:01.0: Activating ISA DMA hang workarounds
[    0.381711] pci 0000:00:02.0: Video device with shadowed ROM at [mem 0x000c0000-0x000dffff]
[    0.387439] PCI: CLS 0 bytes, default 64
[    0.387504] Unpacking initramfs...
[    2.740966] Freeing initrd memory: 62936K
[    2.741017] PCI-DMA: Using software bounce buffering for IO (SWIOTLB)
[    2.741111] software IO TLB: mapped [mem 0xdbff0000-0xdfff0000] (64MB)
[    2.741693] RAPL PMU: API unit is 2^-32 Joules, 4 fixed counters, 10737418240 ms ovfl timer
[    2.741695] RAPL PMU: hw unit of domain pp0-core 2^-0 Joules
[    2.741697] RAPL PMU: hw unit of domain package 2^-0 Joules
[    2.741698] RAPL PMU: hw unit of domain dram 2^-0 Joules
[    2.741700] RAPL PMU: hw unit of domain pp1-gpu 2^-0 Joules
[    2.741775] platform rtc_cmos: registered platform RTC device (no PNP device found)
[    2.743349] check: Scanning for low memory corruption every 60 seconds
[    2.745112] Initialise system trusted keyrings
[    2.745242] workingset: timestamp_bits=56 max_order=20 bucket_order=0
[    2.753452] NFS: Registering the id_resolver key type
[    2.753462] Key type id_resolver registered
[    2.753466] Key type id_legacy registered
[    2.809464] Key type asymmetric registered
[    2.809467] Asymmetric key parser 'x509' registered
[    2.809506] Block layer SCSI generic (bsg) driver version 0.4 loaded (major 251)
[    2.809511] io scheduler noop registered
[    2.809513] io scheduler deadline registered
[    2.809595] io scheduler cfq registered (default)
[    2.809599] io scheduler mq-deadline registered
[    2.809605] io scheduler kyber registered
[    2.810251] ACPI: AC Adapter [AC] (on-line)
[    2.810425] input: Power Button as /devices/LNXSYSTM:00/LNXPWRBN:00/input/input0
[    2.810465] ACPI: Power Button [PWRF]
[    2.810663] input: Sleep Button as /devices/LNXSYSTM:00/LNXSLPBN:00/input/input1
[    2.810682] ACPI: Sleep Button [SLPF]
[    2.810890] ACPI: Video Device [GFX0] (multi-head: yes  rom: no  post: no)
[    2.811144] input: Video Bus as /devices/LNXSYSTM:00/LNXSYBUS:00/PNP0A03:00/LNXVIDEO:00/input/input2
[    2.811818] Serial: 8250/16550 driver, 4 ports, IRQ sharing enabled
[    2.812622] Non-volatile memory driver v1.3
[    2.812678] Linux agpgart interface v0.103
[    2.813476] battery: ACPI: Battery Slot [BAT0] (battery present)
[    2.818458] loop: module loaded
[    2.818632] ahci 0000:00:0d.0: version 3.0
[    2.820391] ahci 0000:00:0d.0: SSS flag set, parallel bus scan disabled
[    2.820685] ahci 0000:00:0d.0: AHCI 0001.0100 32 slots 1 ports 3 Gbps 0x1 impl SATA mode
[    2.820694] ahci 0000:00:0d.0: flags: 64bit ncq stag only ccc 
[    2.821761] scsi host0: ahci
[    2.821872] ata1: SATA max UDMA/133 abar m8192@0xf0806000 port 0xf0806100 irq 21
[    2.821908] ata_piix 0000:00:01.1: version 2.13
[    2.823475] scsi host1: ata_piix
[    2.823722] scsi host2: ata_piix
[    2.823851] ata2: PATA max UDMA/33 cmd 0x1f0 ctl 0x3f6 bmdma 0xd000 irq 14
[    2.823856] ata3: PATA max UDMA/33 cmd 0x170 ctl 0x376 bmdma 0xd008 irq 15
[    2.824239] e100: Intel(R) PRO/100 Network Driver, 3.5.24-k2-NAPI
[    2.824243] e100: Copyright(c) 1999-2006 Intel Corporation
[    2.824273] e1000: Intel(R) PRO/1000 Network Driver - version 7.3.21-k8-NAPI
[    2.824277] e1000: Copyright (c) 1999-2006 Intel Corporation.
[    2.993236] ata3.00: ATAPI: VBOX CD-ROM, 1.0, max UDMA/133
[    3.137554] ata1: SATA link up 3.0 Gbps (SStatus 123 SControl 300)
[    3.137783] ata1.00: ATA-6: VBOX HARDDISK, 1.0, max UDMA/133
[    3.137789] ata1.00: 83886016 sectors, multi 128: LBA48 NCQ (depth 32)
[    3.138192] ata1.00: configured for UDMA/133
[    3.138408] scsi 0:0:0:0: Direct-Access     ATA      VBOX HARDDISK    1.0  PQ: 0 ANSI: 5
[    3.138967] sd 0:0:0:0: Attached scsi generic sg0 type 0
[    3.139634] sd 0:0:0:0: [sda] 83886016 512-byte logical blocks: (42.9 GB/40.0 GiB)
[    3.139675] sd 0:0:0:0: [sda] Write Protect is off
[    3.139682] sd 0:0:0:0: [sda] Mode Sense: 00 3a 00 00
[    3.139761] scsi 2:0:0:0: CD-ROM            VBOX     CD-ROM           1.0  PQ: 0 ANSI: 5
[    3.140005] sd 0:0:0:0: [sda] Write cache: enabled, read cache: enabled, doesn't support DPO or FUA
[    3.140992] sr 2:0:0:0: [sr0] scsi3-mmc drive: 32x/32x xa/form2 tray
[    3.140996] cdrom: Uniform CD-ROM driver Revision: 3.20
[    3.142285] sr 2:0:0:0: Attached scsi CD-ROM sr0
[    3.142843] sr 2:0:0:0: Attached scsi generic sg1 type 5
[    3.144745]  sda: sda1
[    3.145184] sd 0:0:0:0: [sda] Attached SCSI disk
[    3.802988] tsc: Refined TSC clocksource calibration: 2394.471 MHz
[    3.803125] clocksource: tsc: mask: 0xffffffffffffffff max_cycles: 0x2283d0773d5, max_idle_ns: 440795237788 ns
[    3.803259] clocksource: Switched to clocksource tsc
[    3.803467] e1000 0000:00:03.0 eth0: (PCI:33MHz:32-bit) 08:00:27:be:e9:5f
[    3.803473] e1000 0000:00:03.0 eth0: Intel(R) PRO/1000 Network Connection
[    3.803535] e1000e: Intel(R) PRO/1000 Network Driver - 3.2.6-k
[    3.803537] e1000e: Copyright(c) 1999 - 2015 Intel Corporation.
[    3.803569] sky2: driver version 1.30
[    3.803826] ehci_hcd: USB 2.0 'Enhanced' Host Controller (EHCI) Driver
[    3.803828] ehci-pci: EHCI PCI platform driver
[    3.805443] ehci-pci 0000:00:0b.0: EHCI Host Controller
[    3.805592] ehci-pci 0000:00:0b.0: new USB bus registered, assigned bus number 1
[    3.805982] ehci-pci 0000:00:0b.0: irq 19, io mem 0xf0805000
[    3.813187] ehci-pci 0000:00:0b.0: USB 2.0 started, EHCI 1.00
[    3.813302] usb usb1: New USB device found, idVendor=1d6b, idProduct=0002, bcdDevice= 4.20
[    3.813308] usb usb1: New USB device strings: Mfr=3, Product=2, SerialNumber=1
[    3.813313] usb usb1: Product: EHCI Host Controller
[    3.813318] usb usb1: Manufacturer: Linux 4.20.11.sslab ehci_hcd
[    3.813324] usb usb1: SerialNumber: 0000:00:0b.0
[    3.813749] hub 1-0:1.0: USB hub found
[    3.813771] hub 1-0:1.0: 12 ports detected
[    3.814657] ohci_hcd: USB 1.1 'Open' Host Controller (OHCI) Driver
[    3.814697] ohci-pci: OHCI PCI platform driver
[    3.816167] ohci-pci 0000:00:06.0: OHCI PCI host controller
[    3.816303] ohci-pci 0000:00:06.0: new USB bus registered, assigned bus number 2
[    3.816465] ohci-pci 0000:00:06.0: irq 22, io mem 0xf0804000
[    3.898926] usb usb2: New USB device found, idVendor=1d6b, idProduct=0001, bcdDevice= 4.20
[    3.898941] usb usb2: New USB device strings: Mfr=3, Product=2, SerialNumber=1
[    3.898947] usb usb2: Product: OHCI PCI host controller
[    3.898952] usb usb2: Manufacturer: Linux 4.20.11.sslab ohci_hcd
[    3.898957] usb usb2: SerialNumber: 0000:00:06.0
[    3.899436] hub 2-0:1.0: USB hub found
[    3.899472] hub 2-0:1.0: 12 ports detected
[    3.900609] uhci_hcd: USB Universal Host Controller Interface driver
[    3.900921] usbcore: registered new interface driver usblp
[    3.901104] usbcore: registered new interface driver usb-storage
[    3.901350] i8042: PNP: PS/2 Controller [PNP0303:PS2K,PNP0f03:PS2M] at 0x60,0x64 irq 1,12
[    3.902397] serio: i8042 KBD port at 0x60,0x64 irq 1
[    3.902521] serio: i8042 AUX port at 0x60,0x64 irq 12
[    3.904507] input: AT Translated Set 2 keyboard as /devices/platform/i8042/serio0/input/input3
[    3.907128] rtc_cmos rtc_cmos: registered as rtc0
[    3.907219] rtc_cmos rtc_cmos: alarms up to one day, 114 bytes nvram
[    3.907937] device-mapper: ioctl: 4.39.0-ioctl (2018-04-03) initialised: dm-devel@redhat.com
[    3.908337] hidraw: raw HID events driver (C) Jiri Kosina
[    3.910354] usbcore: registered new interface driver usbhid
[    3.910358] usbhid: USB HID core driver
[    3.912538] Initializing XFRM netlink socket
[    3.913354] NET: Registered protocol family 10
[    3.913876] Segment Routing with IPv6
[    3.914590] sit: IPv6, IPv4 and MPLS over IPv4 tunneling driver
[    3.915021] NET: Registered protocol family 17
[    3.915178] Key type dns_resolver registered
[    3.915807] sched_clock: Marking stable (3923038430, -7978000)->(4057829093, -142768663)
[    3.916971] registered taskstats version 1
[    3.916975] Loading compiled-in X.509 certificates
[    3.917724]   Magic number: 0:199:420
[    3.917791] printk: console [netcon0] enabled
[    3.917796] netconsole: network logging started
[    3.917941] cfg80211: Loading compiled-in X.509 certificates for regulatory database
[    3.924353] cfg80211: Loaded X.509 cert 'sforshee: 00b28ddf47aef9cea7'
[    3.924363] ALSA device list:
[    3.924366]   No soundcards found.
[    3.925293] Freeing unused kernel image memory: 1248K
[    3.925585] platform regulatory.0: Direct firmware load for regulatory.db failed with error -2
[    3.925591] cfg80211: failed to load regulatory.db
[    3.930204] Write protecting the kernel read-only data: 20480k
[    3.931529] Freeing unused kernel image memory: 2008K
[    3.932184] Freeing unused kernel image memory: 1112K
[    3.932279] Run /init as init process
[    4.058826] video: Unknown symbol __dynamic_dev_dbg (err -2)
[    4.058837] video: Unknown symbol __fentry__ (err -2)
[    4.058949] video: Unknown symbol acpi_debug_print (err -2)
[    4.073415] pata_acpi: Unknown symbol __fentry__ (err -2)
[    4.079625] drm: Unknown symbol sme_me_mask (err -2)
[    4.079635] drm: Unknown symbol devmap_managed_key (err -2)
[    4.079664] drm: Unknown symbol __check_object_size (err -2)
[    4.079917] drm: Unknown symbol bpf_trace_run2 (err -2)
[    4.079947] drm: Unknown symbol __dynamic_dev_dbg (err -2)
[    4.079966] drm: Unknown symbol __fentry__ (err -2)
[    4.079986] drm: Unknown symbol vga_switcheroo_unlock_ddc (err -2)
[    4.080173] drm: Unknown symbol vga_switcheroo_lock_ddc (err -2)
[    4.080300] drm: Unknown symbol kgdb_active (err -2)
[    4.080335] drm: Unknown symbol pv_ops (err -2)
[    4.080343] drm: Unknown symbol bpf_trace_run3 (err -2)
[    4.080411] drm: Unknown symbol __dynamic_pr_debug (err -2)
[    4.080461] drm: Unknown symbol sme_active (err -2)
[    4.080484] drm: Unknown symbol from_kuid_munged (err -2)
[    4.080520] drm: Unknown symbol __put_devmap_managed_page (err -2)
[    4.084639] i2c_piix4: Unknown symbol __dynamic_dev_dbg (err -2)
[    4.084653] i2c_piix4: Unknown symbol __fentry__ (err -2)
[    4.084684] i2c_piix4: Unknown symbol pv_ops (err -2)
[    4.089233] e1000: Unknown symbol sme_me_mask (err -2)
[    4.089242] e1000: Unknown symbol devmap_managed_key (err -2)
[    4.089346] e1000: Unknown symbol __fentry__ (err -2)
[    4.089443] e1000: Unknown symbol __dynamic_netdev_dbg (err -2)
[    4.089453] e1000: Unknown symbol pv_ops (err -2)
[    4.089501] e1000: Unknown symbol sme_active (err -2)
[    4.089519] e1000: Unknown symbol __put_devmap_managed_page (err -2)
[    4.089526] e1000: Unknown symbol skb_clone_tx_timestamp (err -2)
[    4.093535] libahci: Unknown symbol __fentry__ (err -2)
[    4.093616] libahci: Unknown symbol pv_ops (err -2)
[    4.095619] e1000 0000:00:03.0 enp0s3: renamed from eth0
[    4.099465] psmouse: Unknown symbol __dynamic_dev_dbg (err -2)
[    4.099474] psmouse: Unknown symbol __fentry__ (err -2)
[    4.099567] psmouse: Unknown symbol pv_ops (err -2)
[    4.099586] psmouse: Unknown symbol x86_hyper_type (err -2)
[    4.099654] libahci: Unknown symbol __fentry__ (err -2)
[    4.100415] ata_id (1128) used greatest stack depth: 13704 bytes left
[    4.103679] libahci: Unknown symbol pv_ops (err -2)
[    4.116647] random: fast init done
[    4.116930] input: ImExPS/2 Generic Explorer Mouse as /devices/platform/i8042/serio1/input/input5
[    4.185575] systemd-udevd (1117) used greatest stack depth: 13592 bytes left
[    4.247673] EXT4-fs (sda1): mounted filesystem with ordered data mode. Opts: (null)
[    4.305096] usb 2-1: new full-speed USB device number 2 using ohci-pci
[    4.513340] systemd[1]: systemd 237 running in system mode. (+PAM +AUDIT +SELINUX +IMA +APPARMOR +SMACK +SYSVINIT +UTMP +LIBCRYPTSETUP +GCRYPT +GNUTLS +ACL +XZ +LZ4 +SECCOMP +BLKID +ELFUTILS +KMOD -IDN2 +IDN -PCRE2 default-hierarchy=hybrid)
[    4.513399] systemd[1]: Detected virtualization oracle.
[    4.513409] systemd[1]: Detected architecture x86-64.
[    4.515837] systemd[1]: Set hostname to <yeyoung-VirtualBox>.
[    4.544330] usb 2-1: New USB device found, idVendor=80ee, idProduct=0021, bcdDevice= 1.00
[    4.544338] usb 2-1: New USB device strings: Mfr=1, Product=3, SerialNumber=0
[    4.544344] usb 2-1: Product: USB Tablet
[    4.544350] usb 2-1: Manufacturer: VirtualBox
[    4.560764] input: VirtualBox USB Tablet as /devices/pci0000:00/0000:00:06.0/usb2/2-1/2-1:1.0/0003:80EE:0021.0001/input/input6
[    4.560892] hid-generic 0003:80EE:0021.0001: input,hidraw0: USB HID v1.10 Mouse [VirtualBox USB Tablet] on usb-0000:00:06.0-1/input0
[    4.662009] systemd[1]: File /lib/systemd/system/systemd-journald.service:36 configures an IP firewall (IPAddressDeny=any), but the local system does not support BPF/cgroup based firewalling.
[    4.662081] systemd[1]: Proceeding WITHOUT firewalling in effect! (This warning is only shown for the first loaded unit using IP firewalling.)
[    4.822777] random: systemd: uninitialized urandom read (16 bytes read)
[    4.822804] systemd[1]: Reached target Mounting snaps.
[    4.823083] random: systemd: uninitialized urandom read (16 bytes read)
[    4.823107] systemd[1]: Reached target User and Group Name Lookups.
[    4.823239] random: systemd: uninitialized urandom read (16 bytes read)
[    4.823426] systemd[1]: Set up automount Arbitrary Executable File Formats File System Automount Point.
[    4.823624] systemd[1]: Created slice User and Session Slice.
[    4.871448] parport: Unknown symbol __check_object_size (err -2)
[    4.871490] parport: Unknown symbol __fentry__ (err -2)
[    4.871553] parport: Unknown symbol pv_ops (err -2)
[    4.871571] parport: Unknown symbol __dynamic_pr_debug (err -2)
[    4.878099] parport: Unknown symbol __check_object_size (err -2)
[    4.878146] parport: Unknown symbol __fentry__ (err -2)
[    4.878217] parport: Unknown symbol pv_ops (err -2)
[    4.878238] parport: Unknown symbol __dynamic_pr_debug (err -2)
[    4.883380] parport: Unknown symbol __check_object_size (err -2)
[    4.883421] parport: Unknown symbol __fentry__ (err -2)
[    4.883485] parport: Unknown symbol pv_ops (err -2)
[    4.883501] parport: Unknown symbol __dynamic_pr_debug (err -2)
[    4.900276] EXT4-fs (sda1): re-mounted. Opts: errors=remount-ro
[    5.046335] sch_fq_codel: Unknown symbol __fentry__ (err -2)
[    5.403355] systemd-journald[1192]: Received request to flush runtime journal from PID 1
[    5.435943] random: crng init done
[    5.435949] random: 7 urandom warning(s) missed due to ratelimiting
[    5.693853] mac_hid: Unknown symbol __fentry__ (err -2)
[    5.709273] mac_hid: Unknown symbol __fentry__ (err -2)
[    5.723241] video: Unknown symbol __dynamic_dev_dbg (err -2)
[    5.723253] video: Unknown symbol __fentry__ (err -2)
[    5.723326] video: Unknown symbol acpi_debug_print (err -2)
[    5.775805] mac_hid: Unknown symbol __fentry__ (err -2)
[    5.798396] pata_acpi: Unknown symbol __fentry__ (err -2)
[    5.818755] soundcore: Unknown symbol __fentry__ (err -2)
[    5.818782] soundcore: Unknown symbol pv_ops (err -2)
[    5.828986] vboxguest: loading out-of-tree module taints kernel.
[    5.848337] sysimgblt: Unknown symbol __fentry__ (err -2)
[    5.859509] e1000: Unknown symbol sme_me_mask (err -2)
[    5.859518] e1000: Unknown symbol devmap_managed_key (err -2)
[    5.859616] e1000: Unknown symbol __fentry__ (err -2)
[    5.859731] e1000: Unknown symbol __dynamic_netdev_dbg (err -2)
[    5.859740] e1000: Unknown symbol pv_ops (err -2)
[    5.859784] e1000: Unknown symbol sme_active (err -2)
[    5.859801] e1000: Unknown symbol __put_devmap_managed_page (err -2)
[    5.859809] e1000: Unknown symbol skb_clone_tx_timestamp (err -2)
[    5.881397] i2c_piix4: Unknown symbol __dynamic_dev_dbg (err -2)
[    5.881410] i2c_piix4: Unknown symbol __fentry__ (err -2)
[    5.881439] i2c_piix4: Unknown symbol pv_ops (err -2)
[    5.902348] libahci: Unknown symbol __fentry__ (err -2)
[    5.902444] libahci: Unknown symbol pv_ops (err -2)
[    5.909686] libahci: Unknown symbol __fentry__ (err -2)
[    5.909783] libahci: Unknown symbol pv_ops (err -2)
[    5.930336] pmd_set_huge: Cannot satisfy [mem 0xf0400000-0xf0600000] with a huge-page mapping due to MTRR override.
[    5.936244] vgdrvHeartbeatInit: Setting up heartbeat to trigger every 2000 milliseconds
[    5.948757] Host supports full mouse state reporting, switching to extended mouse integration protocol
[    5.948871] input: VirtualBox mouse integration as /devices/pci0000:00/0000:00:04.0/input/input7
[    5.959358] vboxguest: Successfully loaded version 7.1.2 r164945
[    5.959428] vboxguest: misc device minor 57, IRQ 20, I/O port d040, MMIO at 00000000f0400000 (size 0x400000)
[    5.959528] vboxguest: Successfully loaded version 7.1.2 r164945 (interface 0x00010004)
[    5.970949] serio_raw: Unknown symbol __dynamic_dev_dbg (err -2)
[    5.970959] serio_raw: Unknown symbol __fentry__ (err -2)
[    5.971001] serio_raw: Unknown symbol pv_ops (err -2)
[    5.983193] serio_raw: Unknown symbol __dynamic_dev_dbg (err -2)
[    5.983203] serio_raw: Unknown symbol __fentry__ (err -2)
[    5.983248] serio_raw: Unknown symbol pv_ops (err -2)
[    5.998332] psmouse: Unknown symbol __dynamic_dev_dbg (err -2)
[    5.998344] psmouse: Unknown symbol __fentry__ (err -2)
[    5.998438] psmouse: Unknown symbol pv_ops (err -2)
[    5.998452] psmouse: Unknown symbol x86_hyper_type (err -2)
[    6.009014] mac_hid: Unknown symbol __fentry__ (err -2)
[    6.017795] hid: Unknown symbol __check_object_size (err -2)
[    6.017867] hid: Unknown symbol __dynamic_dev_dbg (err -2)
[    6.017880] hid: Unknown symbol __fentry__ (err -2)
[    6.017989] hid: Unknown symbol pv_ops (err -2)
[    6.035421] mac_hid: Unknown symbol __fentry__ (err -2)
[    6.035443] input_leds: Unknown symbol __fentry__ (err -2)
[    6.051657] intel_rapl_perf: Unknown symbol __fentry__ (err -2)
[    6.051702] intel_rapl_perf: Unknown symbol pv_ops (err -2)
[    6.056950] intel_cstate: Unknown symbol __fentry__ (err -2)
[    6.056985] intel_cstate: Unknown symbol pv_ops (err -2)
[    6.065207] intel_rapl_perf: Unknown symbol __fentry__ (err -2)
[    6.065255] intel_rapl_perf: Unknown symbol pv_ops (err -2)
[    6.068451] intel_cstate: Unknown symbol __fentry__ (err -2)
[    6.068485] intel_cstate: Unknown symbol pv_ops (err -2)
[    6.072295] glue_helper: Unknown symbol __fentry__ (err -2)
[    6.077491] hid: Unknown symbol __check_object_size (err -2)
[    6.077538] glue_helper: Unknown symbol __fentry__ (err -2)
[    6.081414] cryptd: Unknown symbol __fentry__ (err -2)
[    6.088218] hid: Unknown symbol __dynamic_dev_dbg (err -2)
[    6.088297] cryptd: Unknown symbol __fentry__ (err -2)
[    6.091438] crc32_pclmul: Unknown symbol __fentry__ (err -2)
[    6.099433] hid: Unknown symbol __fentry__ (err -2)
[    6.099503] crc32_pclmul: Unknown symbol __fentry__ (err -2)
[    6.103354] hid: Unknown symbol pv_ops (err -2)
[    6.103453] crct10dif_pclmul: Unknown symbol __fentry__ (err -2)
[    6.105307] crct10dif_pclmul: Unknown symbol crc_t10dif_generic (err -2)
[    6.113203] crct10dif_pclmul: Unknown symbol __fentry__ (err -2)
[    6.113213] crct10dif_pclmul: Unknown symbol crc_t10dif_generic (err -2)
[    6.117211] intel_rapl: Unknown symbol powercap_unregister_control_type (err -2)
[    6.117230] intel_rapl: Unknown symbol __fentry__ (err -2)
[    6.117260] intel_rapl: Unknown symbol powercap_unregister_zone (err -2)
[    6.117297] intel_rapl: Unknown symbol powercap_register_control_type (err -2)
[    6.117319] intel_rapl: Unknown symbol pv_ops (err -2)
[    6.117333] intel_rapl: Unknown symbol __dynamic_pr_debug (err -2)
[    6.117352] intel_rapl: Unknown symbol powercap_register_zone (err -2)
[    6.122011] intel_rapl: Unknown symbol powercap_unregister_control_type (err -2)
[    6.122021] intel_rapl: Unknown symbol __fentry__ (err -2)
[    6.122175] intel_rapl: Unknown symbol powercap_unregister_zone (err -2)
[    6.122201] intel_rapl: Unknown symbol powercap_register_control_type (err -2)
[    6.122215] intel_rapl: Unknown symbol pv_ops (err -2)
[    6.122227] intel_rapl: Unknown symbol __dynamic_pr_debug (err -2)
[    6.122241] intel_rapl: Unknown symbol powercap_register_zone (err -2)
[    6.156138] mac_hid: Unknown symbol __fentry__ (err -2)
[    6.171232] joydev: Unknown symbol __check_object_size (err -2)
[    6.171274] joydev: Unknown symbol __dynamic_dev_dbg (err -2)
[    6.171285] joydev: Unknown symbol __fentry__ (err -2)
[    6.171347] joydev: Unknown symbol pv_ops (err -2)
[    6.304269] Adding 1942896k swap on /swapfile.  Priority:-2 extents:6 across:2106736k 
[    6.496956] mac_hid: Unknown symbol __fentry__ (err -2)
[    6.500330] joydev: Unknown symbol __check_object_size (err -2)
[    6.500369] joydev: Unknown symbol __dynamic_dev_dbg (err -2)
[    6.500380] joydev: Unknown symbol __fentry__ (err -2)
[    6.500443] joydev: Unknown symbol pv_ops (err -2)
[    6.526279] snap (1235) used greatest stack depth: 13440 bytes left
[    9.030925] IPv6: ADDRCONF(NETDEV_UP): enp0s3: link is not ready
[    9.040690] e1000: enp0s3 NIC Link is Up 1000 Mbps Full Duplex, Flow Control: RX
[    9.045681] IPv6: ADDRCONF(NETDEV_UP): enp0s3: link is not ready
[    9.045755] IPv6: ADDRCONF(NETDEV_CHANGE): enp0s3: link becomes ready
[   10.552709] 07:25:06.560581 main     VBoxService 7.1.2 r164945 (verbosity: 0) linux.amd64 (Sep 26 2024 15:45:30) release log
               07:25:06.560589 main     Log opened 2024-11-14T07:25:06.560569000Z
[   10.552785] 07:25:06.560720 main     OS Product: Linux
[   10.552869] 07:25:06.560808 main     OS Release: 4.20.11.sslab
[   10.552919] 07:25:06.560861 main     OS Version: #8 SMP Thu Nov 14 16:20:29 KST 2024
[   10.552995] 07:25:06.560910 main     Executable: /opt/VBoxGuestAdditions-7.1.2/sbin/VBoxService
               07:25:06.560915 main     Process ID: 1711
               07:25:06.560919 main     Package type: LINUX_64BITS_GENERIC
[   10.556754] 07:25:06.564652 main     7.1.2 r164945 started. Verbose level = 0
[   10.568834] 07:25:06.576715 main     vbglR3GuestCtrlDetectPeekGetCancelSupport: Supported (#1)
[   10.618066] vboxsf: g_fHostFeatures=0x8000000f g_fSfFeatures=0x1 g_uSfLastFunction=29
[   10.618276] vboxsf: Successfully loaded version 7.1.2 r164945
[   10.618330] vboxsf: Successfully loaded version 7.1.2 r164945 on 4.20.11.sslab SMP mod_unload  (LINUX_VERSION_CODE=0x4140b)
[   10.621640] 07:25:06.629509 automount vbsvcAutomounterMountIt: Successfully mounted 'shared' on '/media/sf_shared'
[   12.803222] hrtimer: interrupt took 6132755 ns
[   41.889844] rfkill: input handler disabled
[   50.091372] ISO 9660 Extensions: Microsoft Joliet Level 3
[   50.092742] ISO 9660 Extensions: RRIP_1991A
[   78.679417] systemd-hostnam (1505) used greatest stack depth: 13136 bytes left
[   87.245717] Process A (PID: 2569) started immediately
[   87.345773] Working: A (PID: 2569)
[   87.446705] Working: A (PID: 2569)
[   87.547750] Working: A (PID: 2569)
[   87.647858] Working: A (PID: 2569)
[   87.747919] Working: A (PID: 2569)
[   87.848018] Working: A (PID: 2569)
[   87.948126] Working: A (PID: 2569)
[   88.048226] Working: A (PID: 2569)
[   88.148331] Working: A (PID: 2569)
[   88.248438] Working: A (PID: 2569)
[   88.249523] Process 2570 added to waiting queue
[   88.249544] Working Denied: B (PID: 2570)
[   88.348565] Working: A (PID: 2569)
[   88.349773] Working Denied: B (PID: 2570)
[   88.449374] Working: A (PID: 2569)
[   88.450315] Working Denied: B (PID: 2570)
[   88.550220] Working: A (PID: 2569)
[   88.550554] Working Denied: B (PID: 2570)
[   88.650302] Working: A (PID: 2569)
[   88.652032] Working Denied: B (PID: 2570)
[   88.751145] Working: A (PID: 2569)
[   88.752833] Working Denied: B (PID: 2570)
[   88.851207] Working: A (PID: 2569)
[   88.852970] Working Denied: B (PID: 2570)
[   88.951566] Working: A (PID: 2569)
[   88.953159] Working Denied: B (PID: 2570)
[   89.052630] Working: A (PID: 2569)
[   89.054709] Working Denied: B (PID: 2570)
[   89.152688] Working: A (PID: 2569)
[   89.154840] Working Denied: B (PID: 2570)
[   89.246878] Process 2571 added to waiting queue
[   89.246881] Working Denied: C (PID: 2571)
[   89.254030] Working: A (PID: 2569)
[   89.255335] Working Denied: B (PID: 2570)
[   89.347400] Working Denied: C (PID: 2571)
[   89.354724] Working: A (PID: 2569)
[   89.355456] Working Denied: B (PID: 2570)
[   89.453503] Working Denied: C (PID: 2571)
[   89.455511] Working: A (PID: 2569)
[   89.455612] Working Denied: B (PID: 2570)
[   89.556237] Working Denied: B (PID: 2570)
[   89.556269] Working: A (PID: 2569)
[   89.556280] Working Denied: C (PID: 2571)
[   89.657228] Working Denied: B (PID: 2570)
[   89.657251] Working: A (PID: 2569)
[   89.657257] Working Denied: C (PID: 2571)
[   89.758272] Working Denied: B (PID: 2570)
[   89.758330] Working Denied: C (PID: 2571)
[   89.758344] Working: A (PID: 2569)
[   89.859531] Working Denied: C (PID: 2571)
[   89.859545] Working Denied: B (PID: 2570)
[   89.859558] Working: A (PID: 2569)
[   89.960273] Working Denied: C (PID: 2571)
[   89.960357] Working Denied: B (PID: 2570)
[   89.960418] Working: A (PID: 2569)
[   90.061086] Working: A (PID: 2569)
[   90.061122] Working Denied: B (PID: 2570)
[   90.061219] Working Denied: C (PID: 2571)
[   90.161298] Working Denied: C (PID: 2571)
[   90.161307] Working: A (PID: 2569)
[   90.161313] Working Denied: B (PID: 2570)
[   90.245599] Process 2572 added to waiting queue
[   90.245604] Working Denied: D (PID: 2572)
[   90.261838] Working: A (PID: 2569)
[   90.261876] Working Denied: C (PID: 2571)
[   90.261953] Working Denied: B (PID: 2570)
[   90.345710] Working Denied: D (PID: 2572)
[   90.363456] Working: A (PID: 2569)
[   90.363523] Working Denied: C (PID: 2571)
[   90.363544] Working Denied: B (PID: 2570)
[   90.464405] Working: A (PID: 2569)
[   90.464429] Working Denied: D (PID: 2572)
[   90.464445] Working Denied: B (PID: 2570)
[   90.464462] Working Denied: C (PID: 2571)
[   90.565596] Working Denied: D (PID: 2572)
[   90.565605] Working Denied: C (PID: 2571)
[   90.565637] Working Denied: B (PID: 2570)
[   90.565664] Working: A (PID: 2569)
[   90.666184] Working Denied: D (PID: 2572)
[   90.666206] Working Denied: B (PID: 2570)
[   90.666320] Working Denied: C (PID: 2571)
[   90.666341] Working: A (PID: 2569)
[   90.767168] Working Denied: C (PID: 2571)
[   90.767181] Working Denied: D (PID: 2572)
[   90.767307] Working: A (PID: 2569)
[   90.767328] Working Denied: B (PID: 2570)
[   90.867313] Working Denied: D (PID: 2572)
[   90.867409] Working Denied: B (PID: 2570)
[   90.867440] Working: A (PID: 2569)
[   90.867460] Working Denied: C (PID: 2571)
[   90.968473] Working Denied: D (PID: 2572)
[   90.968558] Working Denied: B (PID: 2570)
[   90.968637] Working Denied: C (PID: 2571)
[   90.968727] Working: A (PID: 2569)
[   91.068822] Working Denied: B (PID: 2570)
[   91.068828] Working: A (PID: 2569)
[   91.068848] Working Denied: D (PID: 2572)
[   91.068865] Working Denied: C (PID: 2571)
[   91.170107] Working Denied: B (PID: 2570)
[   91.170124] Working: A (PID: 2569)
[   91.170174] Working Denied: D (PID: 2572)
[   91.170212] Working Denied: C (PID: 2571)
[   91.271012] Working Denied: B (PID: 2570)
[   91.271096] Working Denied: D (PID: 2572)
[   91.271117] Working Denied: C (PID: 2571)
[   91.271210] Working: A (PID: 2569)
[   91.371998] Working Denied: D (PID: 2572)
[   91.372013] Working Denied: C (PID: 2571)
[   91.372024] Working Denied: B (PID: 2570)
[   91.372038] Working: A (PID: 2569)
[   91.472134] Working Denied: D (PID: 2572)
[   91.472141] Working: A (PID: 2569)
[   91.472158] Working Denied: C (PID: 2571)
[   91.472177] Working Denied: B (PID: 2570)
[   91.573454] Working Denied: B (PID: 2570)
[   91.573460] Working: A (PID: 2569)
[   91.573477] Working Denied: C (PID: 2571)
[   91.573491] Working Denied: D (PID: 2572)
[   91.673562] Working: A (PID: 2569)
[   91.673568] Working Denied: C (PID: 2571)
[   91.673588] Working Denied: B (PID: 2570)
[   91.673607] Working Denied: D (PID: 2572)
[   91.774379] Working Denied: C (PID: 2571)
[   91.774404] Working: A (PID: 2569)
[   91.774413] Working Denied: B (PID: 2570)
[   91.774437] Working Denied: D (PID: 2572)
[   91.875400] Working: A (PID: 2569)
[   91.875787] Working Denied: D (PID: 2572)
[   91.875804] Working Denied: B (PID: 2570)
[   91.875822] Working Denied: C (PID: 2571)
[   91.975584] Working: A (PID: 2569)
[   91.976534] Working Denied: D (PID: 2572)
[   91.976677] Working Denied: B (PID: 2570)
[   91.976695] Working Denied: C (PID: 2571)
[   92.076832] Working: A (PID: 2569)
[   92.076910] Working Denied: D (PID: 2572)
[   92.077017] Working Denied: B (PID: 2570)
[   92.077034] Working Denied: C (PID: 2571)
[   92.177979] Working: A (PID: 2569)
[   92.178000] Working Denied: D (PID: 2572)
[   92.178017] Working Denied: B (PID: 2570)
[   92.178032] Working Denied: C (PID: 2571)
[   92.278591] Working: A (PID: 2569)
[   92.278684] Working Denied: D (PID: 2572)
[   92.278755] Working Denied: B (PID: 2570)
[   92.278809] Working Denied: C (PID: 2571)
[   92.378745] Working: A (PID: 2569)
[   92.378764] Working Denied: D (PID: 2572)
[   92.378830] Working Denied: B (PID: 2570)
[   92.378846] Working Denied: C (PID: 2571)
[   92.479304] Working: A (PID: 2569)
[   92.479418] Working Denied: D (PID: 2572)
[   92.479436] Working Denied: B (PID: 2570)
[   92.479462] Working Denied: C (PID: 2571)
[   92.580558] Working: A (PID: 2569)
[   92.580579] Working Denied: D (PID: 2572)
[   92.580594] Working Denied: B (PID: 2570)
[   92.580609] Working Denied: C (PID: 2571)
[   92.681154] Working: A (PID: 2569)
[   92.681317] Working Denied: D (PID: 2572)
[   92.681335] Working Denied: B (PID: 2570)
[   92.681353] Working Denied: C (PID: 2571)
[   92.782307] Working: A (PID: 2569)
[   92.782327] Working Denied: D (PID: 2572)
[   92.782343] Working Denied: B (PID: 2570)
[   92.782358] Working Denied: C (PID: 2571)
[   92.882347] Working: A (PID: 2569)
[   92.882366] Working Denied: D (PID: 2572)
[   92.882417] Working Denied: B (PID: 2570)
[   92.882432] Working Denied: C (PID: 2571)
[   92.982525] Working: A (PID: 2569)
[   92.982546] Working Denied: D (PID: 2572)
[   92.982563] Working Denied: B (PID: 2570)
[   92.982580] Working Denied: C (PID: 2571)
[   93.083450] Working: A (PID: 2569)
[   93.083470] Working Denied: D (PID: 2572)
[   93.083485] Working Denied: B (PID: 2570)
[   93.083500] Working Denied: C (PID: 2571)
[   93.184286] Working: A (PID: 2569)
[   93.184306] Working Denied: D (PID: 2572)
[   93.184322] Working Denied: B (PID: 2570)
[   93.184337] Working Denied: C (PID: 2571)
[   93.284427] Working: A (PID: 2569)
[   93.284447] Working Denied: D (PID: 2572)
[   93.284462] Working Denied: B (PID: 2570)
[   93.284478] Working Denied: C (PID: 2571)
[   93.384528] Working: A (PID: 2569)
[   93.384548] Working Denied: D (PID: 2572)
[   93.384563] Working Denied: B (PID: 2570)
[   93.384579] Working Denied: C (PID: 2571)
[   93.485550] Working: A (PID: 2569)
[   93.485570] Working Denied: D (PID: 2572)
[   93.485585] Working Denied: B (PID: 2570)
[   93.485600] Working Denied: C (PID: 2571)
[   93.585684] Working: A (PID: 2569)
[   93.585704] Working Denied: D (PID: 2572)
[   93.585719] Working Denied: B (PID: 2570)
[   93.585732] Working Denied: C (PID: 2571)
[   93.685755] Working: A (PID: 2569)
[   93.685785] Working Denied: D (PID: 2572)
[   93.685800] Working Denied: B (PID: 2570)
[   93.685884] Working Denied: C (PID: 2571)
[   93.785879] Working: A (PID: 2569)
[   93.785895] Working Denied: D (PID: 2572)
[   93.785947] Working Denied: B (PID: 2570)
[   93.785963] Working Denied: C (PID: 2571)
[   93.886012] Working: A (PID: 2569)
[   93.886032] Working Denied: D (PID: 2572)
[   93.886047] Working Denied: B (PID: 2570)
[   93.886062] Working Denied: C (PID: 2571)
[   93.986128] Working: A (PID: 2569)
[   93.986148] Working Denied: D (PID: 2572)
[   93.986163] Working Denied: B (PID: 2570)
[   93.986178] Working Denied: C (PID: 2571)
[   94.086776] Working: A (PID: 2569)
[   94.086877] Working Denied: D (PID: 2572)
[   94.086943] Working Denied: B (PID: 2570)
[   94.087002] Working Denied: C (PID: 2571)
[   94.188510] Working: A (PID: 2569)
[   94.188529] Working Denied: D (PID: 2572)
[   94.188545] Working Denied: B (PID: 2570)
[   94.188560] Working Denied: C (PID: 2571)
[   94.289478] Process Finished: A (PID: 2569)
[   94.289484] Process 2572 with shortest job time 10 removed from waiting queue
[   94.289488] Process A (PID: 2572) with shortest job time 10 started from queue
[   94.289682] Working: D (PID: 2572)
[   94.289699] Working Denied: B (PID: 2570)
[   94.289714] Working Denied: C (PID: 2571)
[   94.391411] Working: D (PID: 2572)
[   94.391433] Working Denied: B (PID: 2570)
[   94.391451] Working Denied: C (PID: 2571)
[   94.491856] Working: D (PID: 2572)
[   94.491933] Working Denied: B (PID: 2570)
[   94.491984] Working Denied: C (PID: 2571)
[   94.592579] Working: D (PID: 2572)
[   94.592664] Working Denied: B (PID: 2570)
[   94.592721] Working Denied: C (PID: 2571)
[   94.692758] Working: D (PID: 2572)
[   94.692779] Working Denied: B (PID: 2570)
[   94.692796] Working Denied: C (PID: 2571)
[   94.793627] Working: D (PID: 2572)
[   94.793646] Working Denied: B (PID: 2570)
[   94.793661] Working Denied: C (PID: 2571)
[   94.893708] Working: D (PID: 2572)
[   94.893727] Working Denied: B (PID: 2570)
[   94.893742] Working Denied: C (PID: 2571)
[   94.993733] Working: D (PID: 2572)
[   94.993754] Working Denied: B (PID: 2570)
[   94.993813] Working Denied: C (PID: 2571)
[   95.094588] Working: D (PID: 2572)
[   95.094651] Working Denied: B (PID: 2570)
[   95.094691] Working Denied: C (PID: 2571)
[   95.195549] Working: D (PID: 2572)
[   95.195568] Working Denied: B (PID: 2570)
[   95.195583] Working Denied: C (PID: 2571)
[   95.295600] Process Finished: D (PID: 2572)
[   95.295606] Process 2571 with shortest job time 30 removed from waiting queue
[   95.295610] Process D (PID: 2571) with shortest job time 30 started from queue
[   95.295795] Working Denied: B (PID: 2570)
[   95.295811] Working: C (PID: 2571)
[   95.397397] Working Denied: B (PID: 2570)
[   95.397416] Working: C (PID: 2571)
[   95.498637] Working: C (PID: 2571)
[   95.498676] Working Denied: B (PID: 2570)
[   95.598708] Working Denied: B (PID: 2570)
[   95.598725] Working: C (PID: 2571)
[   95.698838] Working Denied: B (PID: 2570)
[   95.698929] Working: C (PID: 2571)
[   95.799837] Working: C (PID: 2571)
[   95.799857] Working Denied: B (PID: 2570)
[   95.900626] Working: C (PID: 2571)
[   95.900743] Working Denied: B (PID: 2570)
[   96.000823] Working Denied: B (PID: 2570)
[   96.000844] Working: C (PID: 2571)
[   96.101894] Working Denied: B (PID: 2570)
[   96.101919] Working: C (PID: 2571)
[   96.202045] Working Denied: B (PID: 2570)
[   96.202070] Working: C (PID: 2571)
[   96.302155] Working Denied: B (PID: 2570)
[   96.302178] Working: C (PID: 2571)
[   96.403389] Working: C (PID: 2571)
[   96.403411] Working Denied: B (PID: 2570)
[   96.503473] Working: C (PID: 2571)
[   96.503497] Working Denied: B (PID: 2570)
[   96.604310] Working Denied: B (PID: 2570)
[   96.604328] Working: C (PID: 2571)
[   96.705399] Working: C (PID: 2571)
[   96.705418] Working Denied: B (PID: 2570)
[   96.805482] Working Denied: B (PID: 2570)
[   96.805501] Working: C (PID: 2571)
[   96.906240] Working Denied: B (PID: 2570)
[   96.906273] Working: C (PID: 2571)
[   97.006316] Working: C (PID: 2571)
[   97.006335] Working Denied: B (PID: 2570)
[   97.107965] Working: C (PID: 2571)
[   97.108080] Working Denied: B (PID: 2570)
[   97.209121] Working: C (PID: 2571)
[   97.209202] Working Denied: B (PID: 2570)
[   97.309203] Working: C (PID: 2571)
[   97.309280] Working Denied: B (PID: 2570)
[   97.409252] Working: C (PID: 2571)
[   97.409337] Working Denied: B (PID: 2570)
[   97.510530] Working: C (PID: 2571)
[   97.510552] Working Denied: B (PID: 2570)
[   97.610630] Working Denied: B (PID: 2570)
[   97.610648] Working: C (PID: 2571)
[   97.711113] Working: C (PID: 2571)
[   97.711208] Working Denied: B (PID: 2570)
[   97.811253] Working Denied: B (PID: 2570)
[   97.811272] Working: C (PID: 2571)
[   97.911336] Working Denied: B (PID: 2570)
[   97.911354] Working: C (PID: 2571)
[   98.012313] Working Denied: B (PID: 2570)
[   98.012331] Working: C (PID: 2571)
[   98.112442] Working Denied: B (PID: 2570)
[   98.112468] Working: C (PID: 2571)
[   98.213082] Working Denied: B (PID: 2570)
[   98.213160] Working: C (PID: 2571)
[   98.313887] Working Denied: B (PID: 2570)
[   98.313998] Process Finished: C (PID: 2571)
[   98.314022] Process 2570 with shortest job time 50 removed from waiting queue
[   98.314046] Process C (PID: 2570) with shortest job time 50 started from queue
[   98.414053] Working: B (PID: 2570)
[   98.514070] Working: B (PID: 2570)
[   98.614101] Working: B (PID: 2570)
[   98.714139] Working: B (PID: 2570)
[   98.814206] Working: B (PID: 2570)
[   98.915060] Working: B (PID: 2570)
[   99.015151] Working: B (PID: 2570)
[   99.117226] Working: B (PID: 2570)
[   99.218345] Working: B (PID: 2570)
[   99.318471] Working: B (PID: 2570)
[   99.419217] Working: B (PID: 2570)
[   99.519362] Working: B (PID: 2570)
[   99.620267] Working: B (PID: 2570)
[   99.720934] Working: B (PID: 2570)
[   99.821098] Working: B (PID: 2570)
[   99.921236] Working: B (PID: 2570)
[  100.022453] Working: B (PID: 2570)
[  100.122599] Working: B (PID: 2570)
[  100.222744] Working: B (PID: 2570)
[  100.324151] Working: B (PID: 2570)
[  100.425024] Working: B (PID: 2570)
[  100.525147] Working: B (PID: 2570)
[  100.625260] Working: B (PID: 2570)
[  100.725376] Working: B (PID: 2570)
[  100.826216] Working: B (PID: 2570)
[  100.927201] Working: B (PID: 2570)
[  101.027249] Working: B (PID: 2570)
[  101.127311] Working: B (PID: 2570)
[  101.227392] Working: B (PID: 2570)
[  101.328361] Working: B (PID: 2570)
[  101.429444] Working: B (PID: 2570)
[  101.530728] Working: B (PID: 2570)
[  101.630821] Working: B (PID: 2570)
[  101.730948] Working: B (PID: 2570)
[  101.831066] Working: B (PID: 2570)
[  101.931797] Working: B (PID: 2570)
[  102.031879] Working: B (PID: 2570)
[  102.131926] Working: B (PID: 2570)
[  102.232024] Working: B (PID: 2570)
[  102.332101] Working: B (PID: 2570)
[  102.433499] Working: B (PID: 2570)
[  102.534145] Working: B (PID: 2570)
[  102.634208] Working: B (PID: 2570)
[  102.734348] Working: B (PID: 2570)
[  102.834464] Working: B (PID: 2570)
[  102.935381] Working: B (PID: 2570)
[  103.035466] Working: B (PID: 2570)
[  103.136049] Working: B (PID: 2570)
[  103.236140] Working: B (PID: 2570)
[  103.336438] Working: B (PID: 2570)
[  103.437305] Process Finished: B (PID: 2570)
[  103.437318] Queue is empty after finishing process B
